Component: ARM Compiler 5.06 update 5 (build 528) Tool: armlink [4d35e2]

==============================================================================

Section Cross References

    system_stm32f10x.o(i.SetSysClock) refers to system_stm32f10x.o(i.SetSysClockTo72) for SetSysClockTo72
    system_stm32f10x.o(i.SystemCoreClockUpdate) refers to system_stm32f10x.o(.data) for SystemCoreClock
    system_stm32f10x.o(i.SystemInit) refers to system_stm32f10x.o(i.SetSysClock) for SetSysClock
    startup_stm32f10x_hd.o(STACK) refers (Special) to heapauxi.o(.text) for __use_two_region_memory
    startup_stm32f10x_hd.o(HEAP) refers (Special) to heapauxi.o(.text) for __use_two_region_memory
    startup_stm32f10x_hd.o(RESET) refers (Special) to heapauxi.o(.text) for __use_two_region_memory
    startup_stm32f10x_hd.o(RESET) refers to startup_stm32f10x_hd.o(STACK) for __initial_sp
    startup_stm32f10x_hd.o(RESET) refers to startup_stm32f10x_hd.o(.text) for Reset_Handler
    startup_stm32f10x_hd.o(RESET) refers to stm32f10x_it.o(i.NMI_Handler) for NMI_Handler
    startup_stm32f10x_hd.o(RESET) refers to stm32f10x_it.o(i.HardFault_Handler) for HardFault_Handler
    startup_stm32f10x_hd.o(RESET) refers to stm32f10x_it.o(i.MemManage_Handler) for MemManage_Handler
    startup_stm32f10x_hd.o(RESET) refers to stm32f10x_it.o(i.BusFault_Handler) for BusFault_Handler
    startup_stm32f10x_hd.o(RESET) refers to stm32f10x_it.o(i.UsageFault_Handler) for UsageFault_Handler
    startup_stm32f10x_hd.o(RESET) refers to stm32f10x_it.o(i.SVC_Handler) for SVC_Handler
    startup_stm32f10x_hd.o(RESET) refers to stm32f10x_it.o(i.DebugMon_Handler) for DebugMon_Handler
    startup_stm32f10x_hd.o(RESET) refers to stm32f10x_it.o(i.PendSV_Handler) for PendSV_Handler
    startup_stm32f10x_hd.o(RESET) refers to stm32f10x_it.o(i.SysTick_Handler) for SysTick_Handler
    startup_stm32f10x_hd.o(RESET) refers to interrupt.o(i.EXTI0_IRQHandler) for EXTI0_IRQHandler
    startup_stm32f10x_hd.o(RESET) refers to usart.o(i.USART1_IRQHandler) for USART1_IRQHandler
    startup_stm32f10x_hd.o(RESET) refers to ch9141.o(i.USART3_IRQHandler) for USART3_IRQHandler
    startup_stm32f10x_hd.o(RESET) refers to sdio_sdcard.o(i.SDIO_IRQHandler) for SDIO_IRQHandler
    startup_stm32f10x_hd.o(.text) refers (Special) to heapauxi.o(.text) for __use_two_region_memory
    startup_stm32f10x_hd.o(.text) refers to system_stm32f10x.o(i.SystemInit) for SystemInit
    startup_stm32f10x_hd.o(.text) refers to __main.o(!!!main) for __main
    startup_stm32f10x_hd.o(.text) refers to startup_stm32f10x_hd.o(HEAP) for Heap_Mem
    startup_stm32f10x_hd.o(.text) refers to startup_stm32f10x_hd.o(STACK) for Stack_Mem
    stm32f10x_adc.o(i.ADC_DeInit) refers to stm32f10x_rcc.o(i.RCC_APB2PeriphResetCmd) for RCC_APB2PeriphResetCmd
    stm32f10x_bkp.o(i.BKP_DeInit) refers to stm32f10x_rcc.o(i.RCC_BackupResetCmd) for RCC_BackupResetCmd
    stm32f10x_can.o(i.CAN_DeInit) refers to stm32f10x_rcc.o(i.RCC_APB1PeriphResetCmd) for RCC_APB1PeriphResetCmd
    stm32f10x_can.o(i.CAN_GetITStatus) refers to stm32f10x_can.o(i.CheckITStatus) for CheckITStatus
    stm32f10x_cec.o(i.CEC_DeInit) refers to stm32f10x_rcc.o(i.RCC_APB1PeriphResetCmd) for RCC_APB1PeriphResetCmd
    stm32f10x_dac.o(i.DAC_DeInit) refers to stm32f10x_rcc.o(i.RCC_APB1PeriphResetCmd) for RCC_APB1PeriphResetCmd
    stm32f10x_flash.o(i.FLASH_EnableWriteProtection) refers to stm32f10x_flash.o(i.FLASH_WaitForLastOperation) for FLASH_WaitForLastOperation
    stm32f10x_flash.o(i.FLASH_EraseAllBank1Pages) refers to stm32f10x_flash.o(i.FLASH_WaitForLastBank1Operation) for FLASH_WaitForLastBank1Operation
    stm32f10x_flash.o(i.FLASH_EraseAllPages) refers to stm32f10x_flash.o(i.FLASH_WaitForLastOperation) for FLASH_WaitForLastOperation
    stm32f10x_flash.o(i.FLASH_EraseOptionBytes) refers to stm32f10x_flash.o(i.FLASH_GetReadOutProtectionStatus) for FLASH_GetReadOutProtectionStatus
    stm32f10x_flash.o(i.FLASH_EraseOptionBytes) refers to stm32f10x_flash.o(i.FLASH_WaitForLastOperation) for FLASH_WaitForLastOperation
    stm32f10x_flash.o(i.FLASH_ErasePage) refers to stm32f10x_flash.o(i.FLASH_WaitForLastOperation) for FLASH_WaitForLastOperation
    stm32f10x_flash.o(i.FLASH_ProgramHalfWord) refers to stm32f10x_flash.o(i.FLASH_WaitForLastOperation) for FLASH_WaitForLastOperation
    stm32f10x_flash.o(i.FLASH_ProgramOptionByteData) refers to stm32f10x_flash.o(i.FLASH_WaitForLastOperation) for FLASH_WaitForLastOperation
    stm32f10x_flash.o(i.FLASH_ProgramWord) refers to stm32f10x_flash.o(i.FLASH_WaitForLastOperation) for FLASH_WaitForLastOperation
    stm32f10x_flash.o(i.FLASH_ReadOutProtection) refers to stm32f10x_flash.o(i.FLASH_WaitForLastOperation) for FLASH_WaitForLastOperation
    stm32f10x_flash.o(i.FLASH_UserOptionByteConfig) refers to stm32f10x_flash.o(i.FLASH_WaitForLastOperation) for FLASH_WaitForLastOperation
    stm32f10x_flash.o(i.FLASH_WaitForLastBank1Operation) refers to stm32f10x_flash.o(i.FLASH_GetBank1Status) for FLASH_GetBank1Status
[...]
    CL$$btod_d2e_denorm_low                  0x08000c3e   Section       70  btod.o(CL$$btod_d2e_denorm_low)
    CL$$btod_d2e_norm_op1                    0x08000c84   Section       96  btod.o(CL$$btod_d2e_norm_op1)
    CL$$btod_div_common                      0x08000ce4   Section      824  btod.o(CL$$btod_div_common)
    CL$$btod_e2e                             0x0800101c   Section      220  btod.o(CL$$btod_e2e)
    CL$$btod_ediv                            0x080010f8   Section       42  btod.o(CL$$btod_ediv)
    CL$$btod_emul                            0x08001122   Section       42  btod.o(CL$$btod_emul)
    CL$$btod_mult_common                     0x0800114c   Section      580  btod.o(CL$$btod_mult_common)
    i.BusFault_Handler                       0x08001390   Section        0  stm32f10x_it.o(i.BusFault_Handler)
    i.CH9141_Init                            0x08001394   Section        0  ch9141.o(i.CH9141_Init)
    i.CH9141_Port_Init                       0x080013ac   Section        0  ch9141.o(i.CH9141_Port_Init)
    i.CH9141_UART_Init                       0x08001424   Section        0  ch9141.o(i.CH9141_UART_Init)
    i.CmdResp1Error                          0x080014dc   Section        0  sdio_sdcard.o(i.CmdResp1Error)
    i.DebugMon_Handler                       0x0800153c   Section        0  stm32f10x_it.o(i.DebugMon_Handler)
    i.EXIT_INT                               0x08001540   Section        0  interrupt.o(i.EXIT_INT)
    i.EXTI0_IRQHandler                       0x080015b8   Section        0  interrupt.o(i.EXTI0_IRQHandler)
    i.EXTI_ClearITPendingBit                 0x08001644   Section        0  stm32f10x_exti.o(i.EXTI_ClearITPendingBit)
    i.EXTI_GetITStatus                       0x08001650   Section        0  stm32f10x_exti.o(i.EXTI_GetITStatus)
    i.EXTI_Init                              0x08001678   Section        0  stm32f10x_exti.o(i.EXTI_Init)
    i.GPIO_EXTILineConfig                    0x0800170c   Section        0  stm32f10x_gpio.o(i.GPIO_EXTILineConfig)
    i.GPIO_Init                              0x0800174c   Section        0  stm32f10x_gpio.o(i.GPIO_Init)
    i.GPIO_ReadInputDataBit                  0x08001862   Section        0  stm32f10x_gpio.o(i.GPIO_ReadInputDataBit)
    i.GPIO_ResetBits                         0x08001874   Section        0  stm32f10x_gpio.o(i.GPIO_ResetBits)
    i.GPIO_SetBits                           0x08001878   Section        0  stm32f10x_gpio.o(i.GPIO_SetBits)
    i.GYRO_ACC_TEMP_GET                      0x0800187c   Section        0  icm_42688_p.o(i.GYRO_ACC_TEMP_GET)
    i.HardFault_Handler                      0x08001b80   Section        0  stm32f10x_it.o(i.HardFault_Handler)
    i.ICM_42688_START                        0x08001b84   Section        0  icm_42688_p.o(i.ICM_42688_START)
    i.ICM_42688_STOP                         0x08001bcc   Section        0  icm_42688_p.o(i.ICM_42688_STOP)
    i.ICM_ACC_INIT                           0x08001c14   Section        0  icm_42688_p.o(i.ICM_ACC_INIT)
    i.ICM_Gyroscope_INIT                     0x08001c42   Section        0  icm_42688_p.o(i.ICM_Gyroscope_INIT)
    i.ICM_IIC_Ack                            0x08001c84   Section        0  icm_42688_p.o(i.ICM_IIC_Ack)
    i.ICM_IIC_Delay                          0x08001cd0   Section        0  icm_42688_p.o(i.ICM_IIC_Delay)
    i.ICM_IIC_NAck                           0x08001cdc   Section        0  icm_42688_p.o(i.ICM_IIC_NAck)
    i.ICM_IIC_READ_BYTE                      0x08001d28   Section        0  icm_42688_p.o(i.ICM_IIC_READ_BYTE)
    i.ICM_IIC_Read_Byte                      0x08001d84   Section        0  icm_42688_p.o(i.ICM_IIC_Read_Byte)
    i.ICM_IIC_Send_Byte                      0x08001df0   Section        0  icm_42688_p.o(i.ICM_IIC_Send_Byte)
    i.ICM_IIC_WRITE_BYTE                     0x08001e4c   Section        0  icm_42688_p.o(i.ICM_IIC_WRITE_BYTE)
    i.ICM_IIC_Wait_Ack                       0x08001e94   Section        0  icm_42688_p.o(i.ICM_IIC_Wait_Ack)
    i.ICM_INIT                               0x08001ef8   Section        0  icm_42688_p.o(i.ICM_INIT)
    i.ICM_Port_Init                          0x08001fac   Section        0  icm_42688_p.o(i.ICM_Port_Init)
    i.IIC_Ack                                0x08001fe0   Section        0  myiic.o(i.IIC_Ack)
    i.IIC_Init                               0x08002030   Section        0  myiic.o(i.IIC_Init)
    i.IIC_NAck                               0x08002070   Section        0  myiic.o(i.IIC_NAck)
    i.IIC_Read_Byte                          0x080020c0   Section        0  myiic.o(i.IIC_Read_Byte)
    i.IIC_Send_Byte                          0x08002130   Section        0  myiic.o(i.IIC_Send_Byte)
    i.IIC_Start                              0x08002198   Section        0  myiic.o(i.IIC_Start)
    i.IIC_Stop                               0x080021e4   Section        0  myiic.o(i.IIC_Stop)
    i.IIC_Wait_Ack                           0x08002230   Section        0  myiic.o(i.IIC_Wait_Ack)
    i.MemManage_Handler                      0x08002294   Section        0  stm32f10x_it.o(i.MemManage_Handler)
    i.NMI_Handler                            0x08002298   Section        0  stm32f10x_it.o(i.NMI_Handler)
    i.NVIC_Init                              0x0800229c   Section        0  misc.o(i.NVIC_Init)
    i.NVIC_PriorityGroupConfig               0x0800230c   Section        0  misc.o(i.NVIC_PriorityGroupConfig)
    i.PendSV_Handler                         0x08002320   Section        0  stm32f10x_it.o(i.PendSV_Handler)
    i.RCC_APB1PeriphClockCmd                 0x08002324   Section        0  stm32f10x_rcc.o(i.RCC_APB1PeriphClockCmd)
    i.RCC_APB1PeriphResetCmd                 0x08002344   Section        0  stm32f10x_rcc.o(i.RCC_APB1PeriphResetCmd)
    i.RCC_APB2PeriphClockCmd                 0x08002364   Section        0  stm32f10x_rcc.o(i.RCC_APB2PeriphClockCmd)
    i.RCC_APB2PeriphResetCmd                 0x08002384   Section        0  stm32f10x_rcc.o(i.RCC_APB2PeriphResetCmd)
    i.RCC_GetClocksFreq                      0x080023a4   Section        0  stm32f10x_rcc.o(i.RCC_GetClocksFreq)
    i.SDIO_ClearFlag                         0x08002478   Section        0  stm32f10x_sdio.o(i.SDIO_ClearFlag)
    i.SDIO_GetFlagStatus                     0x08002484   Section        0  stm32f10x_sdio.o(i.SDIO_GetFlagStatus)
    i.SDIO_IRQHandler                        0x0800249c   Section        0  sdio_sdcard.o(i.SDIO_IRQHandler)
    i.SDIO_SendCommand                       0x080024a4   Section        0  stm32f10x_sdio.o(i.SDIO_SendCommand)
    i.SD_ProcessIRQSrc                       0x080024d0   Section        0  sdio_sdcard.o(i.SD_ProcessIRQSrc)
    i.SELECT_Port_INIT                       0x0800260c   Section        0  uart_select.o(i.SELECT_Port_INIT)
    i.SVC_Handler                            0x0800266c   Section        0  stm32f10x_it.o(i.SVC_Handler)
    i.SetSysClock                            0x0800266e   Section        0  system_stm32f10x.o(i.SetSysClock)
    SetSysClock                              0x0800266f   Thumb Code     8  system_stm32f10x.o(i.SetSysClock)
    i.SetSysClockTo72                        0x08002678   Section        0  system_stm32f10x.o(i.SetSysClockTo72)
    SetSysClockTo72                          0x08002679   Thumb Code   214  system_stm32f10x.o(i.SetSysClockTo72)
    i.SysTick_CLKSourceConfig                0x08002758   Section        0  misc.o(i.SysTick_CLKSourceConfig)
    i.SysTick_Handler                        0x08002780   Section        0  stm32f10x_it.o(i.SysTick_Handler)
    i.SystemInit                             0x08002784   Section        0  system_stm32f10x.o(i.SystemInit)
    i.USART1_IRQHandler                      0x080027e4   Section        0  usart.o(i.USART1_IRQHandler)
    i.USART3_IRQHandler                      0x08002880   Section        0  ch9141.o(i.USART3_IRQHandler)
    i.USART3_RX_Data                         0x080028ec   Section        0  ch9141.o(i.USART3_RX_Data)
    i.USART_Cmd                              0x08002924   Section        0  stm32f10x_usart.o(i.USART_Cmd)
    i.USART_DeInit                           0x0800293c   Section        0  stm32f10x_usart.o(i.USART_DeInit)
    i.USART_GetITStatus                      0x080029d8   Section        0  stm32f10x_usart.o(i.USART_GetITStatus)
    i.USART_ITConfig                         0x08002a2c   Section        0  stm32f10x_usart.o(i.USART_ITConfig)
    i.USART_Init                             0x08002a78   Section        0  stm32f10x_usart.o(i.USART_Init)
    i.USART_ReceiveData                      0x08002b50   Section        0  stm32f10x_usart.o(i.USART_ReceiveData)
    i.UsageFault_Handler                     0x08002b5a   Section        0  stm32f10x_it.o(i.UsageFault_Handler)
    i.__ARM_fpclassify                       0x08002b5e   Section        0  fpclassify.o(i.__ARM_fpclassify)
    i.__kernel_poly                          0x08002b86   Section        0  poly.o(i.__kernel_poly)
    i.__mathlib_dbl_divzero                  0x08002c30   Section        0  dunder.o(i.__mathlib_dbl_divzero)
    i.__mathlib_dbl_infnan2                  0x08002c40   Section        0  dunder.o(i.__mathlib_dbl_infnan2)
    i.__mathlib_dbl_invalid                  0x08002c44   Section        0  dunder.o(i.__mathlib_dbl_invalid)
    i.__mathlib_dbl_overflow                 0x08002c50   Section        0  dunder.o(i.__mathlib_dbl_overflow)
    i.__mathlib_dbl_underflow                0x08002c60   Section        0  dunder.o(i.__mathlib_dbl_underflow)
    i._is_digit                              0x08002c70   Section        0  __printf_wp.o(i._is_digit)
    i._sys_exit                              0x08002c7e   Section        0  usart.o(i._sys_exit)
    i.bmp280CompensateP                      0x08002c84   Section        0  bmp280.o(i.bmp280CompensateP)
    bmp280CompensateP                        0x08002c85   Thumb Code   428  bmp280.o(i.bmp280CompensateP)
    i.bmp280CompensateT                      0x08002e34   Section        0  bmp280.o(i.bmp280CompensateT)
    bmp280CompensateT                        0x08002e35   Thumb Code    66  bmp280.o(i.bmp280CompensateT)
    i.bmp280GetData                          0x08002e7c   Section        0  bmp280.o(i.bmp280GetData)
    i.bmp280GetPressure                      0x08002f04   Section        0  bmp280.o(i.bmp280GetPressure)
    bmp280GetPressure                        0x08002f05   Thumb Code    68  bmp280.o(i.bmp280GetPressure)
    i.bmp280Init                             0x08002f50   Section        0  bmp280.o(i.bmp280Init)
    i.bmp280PressureToAltitude               0x08002fb4   Section        0  bmp280.o(i.bmp280PressureToAltitude)
    bmp280PressureToAltitude                 0x08002fb5   Thumb Code    98  bmp280.o(i.bmp280PressureToAltitude)
    i.delay_init                             0x08003030   Section        0  delay.o(i.delay_init)
    i.delay_ms                               0x08003074   Section        0  delay.o(i.delay_ms)
    i.delay_us                               0x080030c0   Section        0  delay.o(i.delay_us)
    i.fputc                                  0x0800310c   Section        0  usart.o(i.fputc)
    i.iicDevRead                             0x08003128   Section        0  myiic.o(i.iicDevRead)
    i.iicDevReadByte                         0x08003188   Section        0  myiic.o(i.iicDevReadByte)
    i.iicDevWriteByte                        0x080031c8   Section        0  myiic.o(i.iicDevWriteByte)
    i.main                                   0x080031f8   Section        0  main.o(i.main)
    i.pow                                    0x080032ac   Section        0  pow.o(i.pow)
    i.presssureFilter                        0x08003c84   Section        0  bmp280.o(i.presssureFilter)
    presssureFilter                          0x08003c85   Thumb Code   240  bmp280.o(i.presssureFilter)
    i.sqrt                                   0x08003d84   Section        0  sqrt.o(i.sqrt)
    i.uart_init                              0x08003dd0   Section        0  usart.o(i.uart_init)
    locale$$code                             0x08003e78   Section       44  lc_numeric_c.o(locale$$code)
    x$fpl$d2f                                0x08003ea4   Section       98  d2f.o(x$fpl$d2f)
    x$fpl$dadd                               0x08003f08   Section      336  daddsub_clz.o(x$fpl$dadd)
    _dadd1                                   0x08003f19   Thumb Code     0  daddsub_clz.o(x$fpl$dadd)
    x$fpl$dcheck1                            0x08004058   Section       16  dcheck1.o(x$fpl$dcheck1)
    x$fpl$dcmpinf                            0x08004068   Section       24  dcmpi.o(x$fpl$dcmpinf)
    x$fpl$ddiv                               0x08004080   Section      688  ddiv.o(x$fpl$ddiv)
    ddiv_entry                               0x08004087   Thumb Code     0  ddiv.o(x$fpl$ddiv)
    x$fpl$dflt                               0x08004330   Section       46  dflt_clz.o(x$fpl$dflt)
    x$fpl$dfltu                              0x0800435e   Section       38  dflt_clz.o(x$fpl$dfltu)
    x$fpl$dleqf                              0x08004384   Section      120  dleqf.o(x$fpl$dleqf)
    x$fpl$dmul                               0x080043fc   Section      340  dmul.o(x$fpl$dmul)
    x$fpl$dnaninf                            0x08004550   Section      156  dnaninf.o(x$fpl$dnaninf)
    x$fpl$dretinf                            0x080045ec   Section       12  dretinf.o(x$fpl$dretinf)
    x$fpl$drleqf                             0x080045f8   Section      108  drleqf.o(x$fpl$drleqf)
    x$fpl$drsb                               0x08004664   Section       22  daddsub_clz.o(x$fpl$drsb)
    x$fpl$dsqrt                              0x0800467c   Section      460  dsqrt_noumaal.o(x$fpl$dsqrt)
    x$fpl$dsub                               0x08004848   Section      468  daddsub_clz.o(x$fpl$dsub)
    _dsub1                                   0x08004859   Thumb Code     0  daddsub_clz.o(x$fpl$dsub)
    x$fpl$f2d                                0x08004a1c   Section       86  f2d.o(x$fpl$f2d)
    x$fpl$fadd                               0x08004a74   Section      196  faddsub_clz.o(x$fpl$fadd)
    _fadd1                                   0x08004a83   Thumb Code     0  faddsub_clz.o(x$fpl$fadd)
    x$fpl$fcmpinf                            0x08004b38   Section       24  fcmpi.o(x$fpl$fcmpinf)
    x$fpl$fdiv                               0x08004b50   Section      388  fdiv.o(x$fpl$fdiv)
    _fdiv1                                   0x08004b51   Thumb Code     0  fdiv.o(x$fpl$fdiv)
    x$fpl$feqf                               0x08004cd4   Section      104  feqf.o(x$fpl$feqf)
    x$fpl$fleqf                              0x08004d3c   Section      104  fleqf.o(x$fpl$fleqf)
    x$fpl$fnaninf                            0x08004da4   Section      140  fnaninf.o(x$fpl$fnaninf)
    x$fpl$fretinf                            0x08004e30   Section       10  fretinf.o(x$fpl$fretinf)
    x$fpl$frleqf                             0x08004e3a   Section       98  frleqf.o(x$fpl$frleqf)
    x$fpl$fsub                               0x08004e9c   Section      234  faddsub_clz.o(x$fpl$fsub)
    _fsub1                                   0x08004eab   Thumb Code     0  faddsub_clz.o(x$fpl$fsub)
    x$fpl$printf1                            0x08004f86   Section        4  printf1.o(x$fpl$printf1)
    x$fpl$retnan                             0x08004f8a   Section      100  retnan.o(x$fpl$retnan)
    x$fpl$scalbn                             0x08004fee   Section       92  scalbn.o(x$fpl$scalbn)
    x$fpl$trapveneer                         0x0800504a   Section       48  trapv.o(x$fpl$trapveneer)
    x$fpl$usenofp                            0x0800507a   Section        0  usenofp.o(x$fpl$usenofp)
    .constdata                               0x08005080   Section      136  pow.o(.constdata)
    bp                                       0x08005080   Data          16  pow.o(.constdata)
    dp_h                                     0x08005090   Data          16  pow.o(.constdata)
    dp_l                                     0x080050a0   Data          16  pow.o(.constdata)
    L                                        0x080050b0   Data          48  pow.o(.constdata)
    P                                        0x080050e0   Data          40  pow.o(.constdata)
    .constdata                               0x08005108   Section        8  qnan.o(.constdata)
    .constdata                               0x08005110   Section      148  bigflt0.o(.constdata)
    tenpwrs_x                                0x08005110   Data          60  bigflt0.o(.constdata)
    tenpwrs_i                                0x0800514c   Data          64  bigflt0.o(.constdata)
    locale$$data                             0x080051c4   Section       28  lc_numeric_c.o(locale$$data)
    __lcnum_c_name                           0x080051c8   Data           2  lc_numeric_c.o(locale$$data)
    __lcnum_c_start                          0x080051d0   Data           0  lc_numeric_c.o(locale$$data)
    __lcnum_c_point                          0x080051dc   Data           0  lc_numeric_c.o(locale$$data)
    __lcnum_c_thousands                      0x080051de   Data           0  lc_numeric_c.o(locale$$data)
    __lcnum_c_grouping                       0x080051df   Data           0  lc_numeric_c.o(locale$$data)
    __lcnum_c_end                            0x080051e0   Data           0  lc_numeric_c.o(locale$$data)
    .data                                    0x20000000   Section       20  system_stm32f10x.o(.data)
    .data                                    0x20000014   Section       20  stm32f10x_rcc.o(.data)
    APBAHBPrescTable                         0x20000014   Data          16  stm32f10x_rcc.o(.data)
    ADCPrescTable                            0x20000024   Data           4  stm32f10x_rcc.o(.data)
    .data                                    0x20000028   Section       16  icm_42688_p.o(.data)
    .data                                    0x20000038   Section       24  bmp280.o(.data)
    bmp280ID                                 0x20000038   Data           1  bmp280.o(.data)
    isInit                                   0x20000039   Data           1  bmp280.o(.data)
    bmp280RawPressure                        0x2000003c   Data           4  bmp280.o(.data)
    bmp280RawTemperature                     0x20000040   Data           4  bmp280.o(.data)
    i                                        0x20000044   Data           1  bmp280.o(.data)
    t                                        0x20000048   Data           4  bmp280.o(.data)
    p                                        0x2000004c   Data           4  bmp280.o(.data)
    .data                                    0x20000050   Section        2  ch9141.o(.data)
    .data                                    0x20000054   Section       16  sdio_sdcard.o(.data)
    CardType                                 0x20000054   Data           1  sdio_sdcard.o(.data)
    RCA                                      0x20000058   Data           4  sdio_sdcard.o(.data)
    DeviceMode                               0x2000005c   Data           1  sdio_sdcard.o(.data)
    StopCondition                            0x2000005d   Data           1  sdio_sdcard.o(.data)
    .data                                    0x20000064   Section        4  delay.o(.data)
    fac_us                                   0x20000064   Data           1  delay.o(.data)
    fac_ms                                   0x20000066   Data           2  delay.o(.data)
    .data                                    0x20000068   Section       10  usart.o(.data)
    .bss                                     0x20000078   Section       48  icm_42688_p.o(.bss)
    .bss                                     0x200000a8   Section       64  bmp280.o(.bss)
    filter_buf                               0x200000d4   Data          20  bmp280.o(.bss)
    .bss                                     0x200000e8   Section      660  ch9141.o(.bss)
    .bss                                     0x20000380   Section      704  sdio_sdcard.o(.bss)
    CSD_Tab                                  0x200003c4   Data          16  sdio_sdcard.o(.bss)
    CID_Tab                                  0x200003d4   Data          16  sdio_sdcard.o(.bss)
    .bss                                     0x20000640   Section      200  usart.o(.bss)
    .bss                                     0x20000708   Section       96  libspace.o(.bss)
    HEAP                                     0x20000768   Section      512  startup_stm32f10x_hd.o(HEAP)
    Heap_Mem                                 0x20000768   Data         512  startup_stm32f10x_hd.o(HEAP)
    STACK                                    0x20000968   Section     1024  startup_stm32f10x_hd.o(STACK)
    Stack_Mem                                0x20000968   Data        1024  startup_stm32f10x_hd.o(STACK)
    __initial_sp                             0x20000d68   Data           0  startup_stm32f10x_hd.o(STACK)

    Global Symbols

    Symbol Name                              Value     Ov Type        Size  Object(Section)

    BuildAttributes$$THM_ISAv4$P$D$K$B$S$PE$A:L22UL41UL21$X:L11$S22US41US21$IEEE1$IW$USESV6$~STKCKD$USESV7$~SHL$OTIME$ROPI$IEEEX$EBA8$UX$STANDARDLIB$REQ8$PRES8$EABIv2 0x00000000   Number         0  anon$$obj.o ABSOLUTE
    __ARM_use_no_argv                        0x00000000   Number         0  main.o ABSOLUTE
    _printf_flags                            0x00000000   Number         0  printf_stubs.o ABSOLUTE
    _printf_return_value                     0x00000000   Number         0  printf_stubs.o ABSOLUTE
    _printf_sizespec                         0x00000000   Number         0  printf_stubs.o ABSOLUTE
    _printf_widthprec                        0x00000000   Number         0  printf_stubs.o ABSOLUTE
    __ARM_exceptions_init                     - Undefined Weak Reference
    __alloca_initialize                       - Undefined Weak Reference
    __arm_preinit_                            - Undefined Weak Reference
    __cpp_initialize__aeabi_                  - Undefined Weak Reference
    __cxa_finalize                            - Undefined Weak Reference
    __sigvec_lookup                           - Undefined Weak Reference
    _atexit_init                              - Undefined Weak Reference
    _call_atexit_fns                          - Undefined Weak Reference
    _clock_init                               - Undefined Weak Reference
    _fp_trap_init                             - Undefined Weak Reference
    _fp_trap_shutdown                         - Undefined Weak Reference
    _get_lc_collate                           - Undefined Weak Reference
    _get_lc_ctype                             - Undefined Weak Reference
    _get_lc_monetary                          - Undefined Weak Reference
    _get_lc_time                              - Undefined Weak Reference
    _getenv_init                              - Undefined Weak Reference
    _handle_redirection                       - Undefined Weak Reference
    _init_alloc                               - Undefined Weak Reference
    _init_user_alloc                          - Undefined Weak Reference
    _initio                                   - Undefined Weak Reference
    _mutex_acquire                            - Undefined Weak Reference
    _mutex_release                            - Undefined Weak Reference
    _printf_post_padding                      - Undefined Weak Reference
    _printf_pre_padding                       - Undefined Weak Reference
    _rand_init                                - Undefined Weak Reference
    _signal_finish                            - Undefined Weak Reference
    _signal_init                              - Undefined Weak Reference
    _terminate_alloc                          - Undefined Weak Reference
    _terminate_user_alloc                     - Undefined Weak Reference
    _terminateio                              - Undefined Weak Reference
    __Vectors_Size                           0x00000130   Number         0  startup_stm32f10x_hd.o ABSOLUTE
    __Vectors                                0x08000000   Data           4  startup_stm32f10x_hd.o(RESET)
    __Vectors_End                            0x08000130   Data           0  startup_stm32f10x_hd.o(RESET)
    __main                                   0x08000131   Thumb Code     8  __main.o(!!!main)
    __scatterload                            0x08000139   Thumb Code     0  __scatter.o(!!!scatter)
    __scatterload_rt2                        0x08000139   Thumb Code    44  __scatter.o(!!!scatter)
    __scatterload_rt2_thumb_only             0x08000139   Thumb Code     0  __scatter.o(!!!scatter)
    __scatterload_null                       0x08000147   Thumb Code     0  __scatter.o(!!!scatter)
    __scatterload_copy                       0x0800016d   Thumb Code    26  __scatter_copy.o(!!handler_copy)
    __scatterload_zeroinit                   0x08000189   Thumb Code    28  __scatter_zi.o(!!handler_zi)
    _printf_f                                0x080001a5   Thumb Code     0  _printf_f.o(.ARM.Collect$$_printf_percent$$00000003)
    _printf_percent                          0x080001a5   Thumb Code     0  _printf_percent.o(.ARM.Collect$$_printf_percent$$00000000)
    _printf_percent_end                      0x080001ab   Thumb Code     0  _printf_percent_end.o(.ARM.Collect$$_printf_percent$$00000017)
    __rt_lib_init                            0x080001af   Thumb Code     0  libinit.o(.ARM.Collect$$libinit$$00000000)
    __rt_lib_init_fp_1                       0x080001b1   Thumb Code     0  libinit2.o(.ARM.Collect$$libinit$$00000002)
    __rt_lib_init_heap_1                     0x080001b1   Thumb Code     0  libinit2.o(.ARM.Collect$$libinit$$0000000A)
    __rt_lib_init_lc_common                  0x080001b1   Thumb Code     0  libinit2.o(.ARM.Collect$$libinit$$0000000F)
    __rt_lib_init_preinit_1                  0x080001b1   Thumb Code     0  libinit2.o(.ARM.Collect$$libinit$$00000004)
    __rt_lib_init_rand_1                     0x080001b1   Thumb Code     0  libinit2.o(.ARM.Collect$$libinit$$0000000E)
    __rt_lib_init_user_alloc_1               0x080001b1   Thumb Code     0  libinit2.o(.ARM.Collect$$libinit$$0000000C)
    __rt_lib_init_lc_collate_1               0x080001b7   Thumb Code     0  libinit2.o(.ARM.Collect$$libinit$$00000011)
    __rt_lib_init_lc_ctype_1                 0x080001b7   Thumb Code     0  libinit2.o(.ARM.Collect$$libinit$$00000013)
    __rt_lib_init_lc_monetary_1              0x080001b7   Thumb Code     0  libinit2.o(.ARM.Collect$$libinit$$00000015)
    __rt_lib_init_lc_numeric_2               0x080001b7   Thumb Code     0  libinit2.o(.ARM.Collect$$libinit$$00000016)
    __rt_lib_init_alloca_1                   0x080001c1   Thumb Code     0  libinit2.o(.ARM.Collect$$libinit$$0000002E)
    __rt_lib_init_argv_1                     0x080001c1   Thumb Code     0  libinit2.o(.ARM.Collect$$libinit$$0000002C)
    __rt_lib_init_atexit_1                   0x080001c1   Thumb Code     0  libinit2.o(.ARM.Collect$$libinit$$0000001B)
    __rt_lib_init_clock_1                    0x080001c1   Thumb Code     0  libinit2.o(.ARM.Collect$$libinit$$00000021)
    __rt_lib_init_cpp_1                      0x080001c1   Thumb Code     0  libinit2.o(.ARM.Collect$$libinit$$00000032)
    __rt_lib_init_exceptions_1               0x080001c1   Thumb Code     0  libinit2.o(.ARM.Collect$$libinit$$00000030)
    __rt_lib_init_fp_trap_1                  0x080001c1   Thumb Code     0  libinit2.o(.ARM.Collect$$libinit$$0000001F)
    __rt_lib_init_getenv_1                   0x080001c1   Thumb Code     0  libinit2.o(.ARM.Collect$$libinit$$00000023)
    __rt_lib_init_lc_numeric_1               0x080001c1   Thumb Code     0  libinit2.o(.ARM.Collect$$libinit$$00000017)
    __rt_lib_init_lc_time_1                  0x080001c1   Thumb Code     0  libinit2.o(.ARM.Collect$$libinit$$00000019)
    __rt_lib_init_return                     0x080001c1   Thumb Code     0  libinit2.o(.ARM.Collect$$libinit$$00000033)
    __rt_lib_init_signal_1                   0x080001c1   Thumb Code     0  libinit2.o(.ARM.Collect$$libinit$$0000001D)
    __rt_lib_init_stdio_1                    0x080001c1   Thumb Code     0  libinit2.o(.ARM.Collect$$libinit$$00000025)
    __rt_lib_shutdown                        0x080001c3   Thumb Code     0  libshutdown.o(.ARM.Collect$$libshutdown$$00000000)
    __rt_lib_shutdown_cpp_1                  0x080001c5   Thumb Code     0  libshutdown2.o(.ARM.Collect$$libshutdown$$00000002)
    __rt_lib_shutdown_fp_trap_1              0x080001c5   Thumb Code     0  libshutdown2.o(.ARM.Collect$$libshutdown$$00000007)
    __rt_lib_shutdown_heap_1                 0x080001c5   Thumb Code     0  libshutdown2.o(.ARM.Collect$$libshutdown$$0000000F)
    __rt_lib_shutdown_return                 0x080001c5   Thumb Code     0  libshutdown2.o(.ARM.Collect$$libshutdown$$00000010)
    __rt_lib_shutdown_signal_1               0x080001c5   Thumb Code     0  libshutdown2.o(.ARM.Collect$$libshutdown$$0000000A)
    __rt_lib_shutdown_stdio_1                0x080001c5   Thumb Code     0  libshutdown2.o(.ARM.Collect$$libshutdown$$00000004)
    __rt_lib_shutdown_user_alloc_1           0x080001c5   Thumb Code     0  libshutdown2.o(.ARM.Collect$$libshutdown$$0000000C)
    __rt_entry                               0x080001c7   Thumb Code     0  __rtentry.o(.ARM.Collect$$rtentry$$00000000)
    __rt_entry_presh_1                       0x080001c7   Thumb Code     0  __rtentry2.o(.ARM.Collect$$rtentry$$00000002)
    __rt_entry_sh                            0x080001c7   Thumb Code     0  __rtentry4.o(.ARM.Collect$$rtentry$$00000004)
    __rt_entry_li                            0x080001cd   Thumb Code     0  __rtentry2.o(.ARM.Collect$$rtentry$$0000000A)
    __rt_entry_postsh_1                      0x080001cd   Thumb Code     0  __rtentry2.o(.ARM.Collect$$rtentry$$00000009)
    __rt_entry_main                          0x080001d1   Thumb Code     0  __rtentry2.o(.ARM.Collect$$rtentry$$0000000D)
    __rt_entry_postli_1                      0x080001d1   Thumb Code     0  __rtentry2.o(.ARM.Collect$$rtentry$$0000000C)
    __rt_exit                                0x080001d9   Thumb Code     0  rtexit.o(.ARM.Collect$$rtexit$$00000000)
    __rt_exit_ls                             0x080001db   Thumb Code     0  rtexit2.o(.ARM.Collect$$rtexit$$00000003)
    __rt_exit_prels_1                        0x080001db   Thumb Code     0  rtexit2.o(.ARM.Collect$$rtexit$$00000002)
    __rt_exit_exit                           0x080001df   Thumb Code     0  rtexit2.o(.ARM.Collect$$rtexit$$00000004)
    Reset_Handler                            0x080001e5   Thumb Code     8  startup_stm32f10x_hd.o(.text)
    ADC1_2_IRQHandler                        0x080001ff   Thumb Code     0  startup_stm32f10x_hd.o(.text)
    ADC3_IRQHandler                          0x080001ff   Thumb Code     0  startup_stm32f10x_hd.o(.text)
    CAN1_RX1_IRQHandler                      0x080001ff   Thumb Code     0  startup_stm32f10x_hd.o(.text)
    CAN1_SCE_IRQHandler                      0x080001ff   Thumb Code     0  startup_stm32f10x_hd.o(.text)
    DMA1_Channel1_IRQHandler                 0x080001ff   Thumb Code     0  startup_stm32f10x_hd.o(.text)
    DMA1_Channel2_IRQHandler                 0x080001ff   Thumb Code     0  startup_stm32f10x_hd.o(.text)
    DMA1_Channel3_IRQHandler                 0x080001ff   Thumb Code     0  startup_stm32f10x_hd.o(.text)
    DMA1_Channel4_IRQHandler                 0x080001ff   Thumb Code     0  startup_stm32f10x_hd.o(.text)
    DMA1_Channel5_IRQHandler                 0x080001ff   Thumb Code     0  startup_stm32f10x_hd.o(.text)
    DMA1_Channel6_IRQHandler                 0x080001ff   Thumb Code     0  startup_stm32f10x_hd.o(.text)
    DMA1_Channel7_IRQHandler                 0x080001ff   Thumb Code     0  startup_stm32f10x_hd.o(.text)
    DMA2_Channel1_IRQHandler                 0x080001ff   Thumb Code     0  startup_stm32f10x_hd.o(.text)
    DMA2_Channel2_IRQHandler                 0x080001ff   Thumb Code     0  startup_stm32f10x_hd.o(.text)
    DMA2_Channel3_IRQHandler                 0x080001ff   Thumb Code     0  startup_stm32f10x_hd.o(.text)
    DMA2_Channel4_5_IRQHandler               0x080001ff   Thumb Code     0  startup_stm32f10x_hd.o(.text)
    EXTI15_10_IRQHandler                     0x080001ff   Thumb Code     0  startup_stm32f10x_hd.o(.text)
    EXTI1_IRQHandler                         0x080001ff   Thumb Code     0  startup_stm32f10x_hd.o(.text)
    EXTI2_IRQHandler                         0x080001ff   Thumb Code     0  startup_stm32f10x_hd.o(.text)
    EXTI3_IRQHandler                         0x080001ff   Thumb Code     0  startup_stm32f10x_hd.o(.text)
    EXTI4_IRQHandler                         0x080001ff   Thumb Code     0  startup_stm32f10x_hd.o(.text)
    EXTI9_5_IRQHandler                       0x080001ff   Thumb Code     0  startup_stm32f10x_hd.o(.text)
    FLASH_IRQHandler                         0x080001ff   Thumb Code     0  startup_stm32f10x_hd.o(.text)
    FSMC_IRQHandler                          0x080001ff   Thumb Code     0  startup_stm32f10x_hd.o(.text)
    I2C1_ER_IRQHandler                       0x080001ff   Thumb Code     0  startup_stm32f10x_hd.o(.text)
    I2C1_EV_IRQHandler                       0x080001ff   Thumb Code     0  startup_stm32f10x_hd.o(.text)
    I2C2_ER_IRQHandler                       0x080001ff   Thumb Code     0  startup_stm32f10x_hd.o(.text)
    I2C2_EV_IRQHandler                       0x080001ff   Thumb Code     0  startup_stm32f10x_hd.o(.text)
    PVD_IRQHandler                           0x080001ff   Thumb Code     0  startup_stm32f10x_hd.o(.text)
    RCC_IRQHandler                           0x080001ff   Thumb Code     0  startup_stm32f10x_hd.o(.text)
    RTCAlarm_IRQHandler                      0x080001ff   Thumb Code     0  startup_stm32f10x_hd.o(.text)
    RTC_IRQHandler                           0x080001ff   Thumb Code     0  startup_stm32f10x_hd.o(.text)
    SPI1_IRQHandler                          0x080001ff   Thumb Code     0  startup_stm32f10x_hd.o(.text)
    SPI2_IRQHandler                          0x080001ff   Thumb Code     0  startup_stm32f10x_hd.o(.text)
    SPI3_IRQHandler                          0x080001ff   Thumb Code     0  startup_stm32f10x_hd.o(.text)
    TAMPER_IRQHandler                        0x080001ff   Thumb Code     0  startup_stm32f10x_hd.o(.text)
    TIM1_BRK_IRQHandler                      0x080001ff   Thumb Code     0  startup_stm32f10x_hd.o(.text)
    TIM1_CC_IRQHandler                       0x080001ff   Thumb Code     0  startup_stm32f10x_hd.o(.text)
    TIM1_TRG_COM_IRQHandler                  0x080001ff   Thumb Code     0  startup_stm32f10x_hd.o(.text)
    TIM1_UP_IRQHandler                       0x080001ff   Thumb Code     0  startup_stm32f10x_hd.o(.text)
    TIM2_IRQHandler                          0x080001ff   Thumb Code     0  startup_stm32f10x_hd.o(.text)
    TIM3_IRQHandler                          0x080001ff   Thumb Code     0  startup_stm32f10x_hd.o(.text)
    TIM4_IRQHandler                          0x080001ff   Thumb Code     0  startup_stm32f10x_hd.o(.text)
    TIM5_IRQHandler                          0x080001ff   Thumb Code     0  startup_stm32f10x_hd.o(.text)
    TIM6_IRQHandler                          0x080001ff   Thumb Code     0  startup_stm32f10x_hd.o(.text)
    TIM7_IRQHandler                          0x080001ff   Thumb Code     0  startup_stm32f10x_hd.o(.text)
    TIM8_BRK_IRQHandler                      0x080001ff   Thumb Code     0  startup_stm32f10x_hd.o(.text)
    TIM8_CC_IRQHandler                       0x080001ff   Thumb Code     0  startup_stm32f10x_hd.o(.text)
    TIM8_TRG_COM_IRQHandler                  0x080001ff   Thumb Code     0  startup_stm32f10x_hd.o(.text)
    TIM8_UP_IRQHandler                       0x080001ff   Thumb Code     0  startup_stm32f10x_hd.o(.text)
    UART4_IRQHandler                         0x080001ff   Thumb Code     0  startup_stm32f10x_hd.o(.text)
    UART5_IRQHandler                         0x080001ff   Thumb Code     0  startup_stm32f10x_hd.o(.text)
    USART2_IRQHandler                        0x080001ff   Thumb Code     0  startup_stm32f10x_hd.o(.text)
    USBWakeUp_IRQHandler                     0x080001ff   Thumb Code     0  startup_stm32f10x_hd.o(.text)
    USB_HP_CAN1_TX_IRQHandler                0x080001ff   Thumb Code     0  startup_stm32f10x_hd.o(.text)
    USB_LP_CAN1_RX0_IRQHandler               0x080001ff   Thumb Code     0  startup_stm32f10x_hd.o(.text)
    WWDG_IRQHandler                          0x080001ff   Thumb Code     0  startup_stm32f10x_hd.o(.text)
    __user_initial_stackheap                 0x08000201   Thumb Code     0  startup_stm32f10x_hd.o(.text)
    __use_no_semihosting                     0x08000225   Thumb Code     2  use_no_semi_2.o(.text)
    __aeabi_ldivmod                          0x08000227   Thumb Code     0  llsdiv.o(.text)
    _ll_sdiv                                 0x08000227   Thumb Code    72  llsdiv.o(.text)
    __2printf                                0x08000271   Thumb Code    20  noretval__2printf.o(.text)
    __printf                                 0x08000289   Thumb Code   270  __printf_wp.o(.text)
    __use_two_region_memory                  0x08000397   Thumb Code     2  heapauxi.o(.text)
    __rt_heap_escrow$2region                 0x08000399   Thumb Code     2  heapauxi.o(.text)
    __rt_heap_expand$2region                 0x0800039b   Thumb Code     2  heapauxi.o(.text)
    __I$use$semihosting                      0x0800039d   Thumb Code     0  use_no_semi.o(.text)
    __use_no_semihosting_swi                 0x0800039d   Thumb Code     2  use_no_semi.o(.text)
    __aeabi_uldivmod                         0x0800039f   Thumb Code     0  lludivv7m.o(.text)
    _ll_udiv                                 0x0800039f   Thumb Code   238  lludivv7m.o(.text)
    __read_errno                             0x0800048d   Thumb Code    10  _rserrno.o(.text)
    __set_errno                              0x08000497   Thumb Code    12  _rserrno.o(.text)
    __lib_sel_fp_printf                      0x080004a3   Thumb Code     2  _printf_fp_dec.o(.text)
    _printf_fp_dec_real                      0x08000655   Thumb Code   620  _printf_fp_dec.o(.text)
    _printf_char_file                        0x080008c1   Thumb Code    32  _printf_char_file.o(.text)
    __rt_locale                              0x080008e5   Thumb Code     8  rt_locale_intlibspace.o(.text)
    __aeabi_errno_addr                       0x080008ed   Thumb Code     8  rt_errno_addr_intlibspace.o(.text)
    __errno$intlibspace                      0x080008ed   Thumb Code     0  rt_errno_addr_intlibspace.o(.text)
    __rt_errno_addr$intlibspace              0x080008ed   Thumb Code     0  rt_errno_addr_intlibspace.o(.text)
    _ll_udiv10                               0x080008f5   Thumb Code   138  lludiv10.o(.text)
    _printf_char_common                      0x0800098b   Thumb Code    32  _printf_char_common.o(.text)
    _printf_fp_infnan                        0x080009b1   Thumb Code   112  _printf_fp_infnan.o(.text)
    _btod_etento                             0x08000a31   Thumb Code   224  bigflt0.o(.text)
    ferror                                   0x08000b15   Thumb Code     8  ferror.o(.text)
    __user_libspace                          0x08000b1d   Thumb Code     8  libspace.o(.text)
    __user_perproc_libspace                  0x08000b1d   Thumb Code     0  libspace.o(.text)
    __user_perthread_libspace                0x08000b1d   Thumb Code     0  libspace.o(.text)
    __user_setup_stackheap                   0x08000b25   Thumb Code    74  sys_stackheap_outer.o(.text)
    exit                                     0x08000b6f   Thumb Code    18  exit.o(.text)
    strcmp                                   0x08000b81   Thumb Code   128  strcmpv7m.o(.text)
    _btod_d2e                                0x08000c01   Thumb Code    62  btod.o(CL$$btod_d2e)
    _d2e_denorm_low                          0x08000c3f   Thumb Code    70  btod.o(CL$$btod_d2e_denorm_low)
    _d2e_norm_op1                            0x08000c85   Thumb Code    96  btod.o(CL$$btod_d2e_norm_op1)
    __btod_div_common                        0x08000ce5   Thumb Code   696  btod.o(CL$$btod_div_common)
    _e2e                                     0x0800101d   Thumb Code   220  btod.o(CL$$btod_e2e)
    _btod_ediv                               0x080010f9   Thumb Code    42  btod.o(CL$$btod_ediv)
    _btod_emul                               0x08001123   Thumb Code    42  btod.o(CL$$btod_emul)
    __btod_mult_common                       0x0800114d   Thumb Code   580  btod.o(CL$$btod_mult_common)
    BusFault_Handler                         0x08001391   Thumb Code     4  stm32f10x_it.o(i.BusFault_Handler)
    CH9141_Init                              0x08001395   Thumb Code    14  ch9141.o(i.CH9141_Init)
    CH9141_Port_Init                         0x080013ad   Thumb Code   100  ch9141.o(i.CH9141_Port_Init)
    CH9141_UART_Init                         0x08001425   Thumb Code   172  ch9141.o(i.CH9141_UART_Init)
    CmdResp1Error                            0x080014dd   Thumb Code    90  sdio_sdcard.o(i.CmdResp1Error)
    DebugMon_Handler                         0x0800153d   Thumb Code     2  stm32f10x_it.o(i.DebugMon_Handler)
    EXIT_INT                                 0x08001541   Thumb Code   114  interrupt.o(i.EXIT_INT)
    EXTI0_IRQHandler                         0x080015b9   Thumb Code    96  interrupt.o(i.EXTI0_IRQHandler)
    EXTI_ClearITPendingBit                   0x08001645   Thumb Code     6  stm32f10x_exti.o(i.EXTI_ClearITPendingBit)
    EXTI_GetITStatus                         0x08001651   Thumb Code    34  stm32f10x_exti.o(i.EXTI_GetITStatus)
    EXTI_Init                                0x08001679   Thumb Code   142  stm32f10x_exti.o(i.EXTI_Init)
    GPIO_EXTILineConfig                      0x0800170d   Thumb Code    60  stm32f10x_gpio.o(i.GPIO_EXTILineConfig)
    GPIO_Init                                0x0800174d   Thumb Code   278  stm32f10x_gpio.o(i.GPIO_Init)
    GPIO_ReadInputDataBit                    0x08001863   Thumb Code    18  stm32f10x_gpio.o(i.GPIO_ReadInputDataBit)
    GPIO_ResetBits                           0x08001875   Thumb Code     4  stm32f10x_gpio.o(i.GPIO_ResetBits)
    GPIO_SetBits                             0x08001879   Thumb Code     4  stm32f10x_gpio.o(i.GPIO_SetBits)
    GYRO_ACC_TEMP_GET                        0x0800187d   Thumb Code   722  icm_42688_p.o(i.GYRO_ACC_TEMP_GET)
    HardFault_Handler                        0x08001b81   Thumb Code     4  stm32f10x_it.o(i.HardFault_Handler)
    ICM_42688_START                          0x08001b85   Thumb Code    60  icm_42688_p.o(i.ICM_42688_START)
    ICM_42688_STOP                           0x08001bcd   Thumb Code    58  icm_42688_p.o(i.ICM_42688_STOP)
    ICM_ACC_INIT                             0x08001c15   Thumb Code    46  icm_42688_p.o(i.ICM_ACC_INIT)
    ICM_Gyroscope_INIT                       0x08001c43   Thumb Code    66  icm_42688_p.o(i.ICM_Gyroscope_INIT)
    ICM_IIC_Ack                              0x08001c85   Thumb Code    62  icm_42688_p.o(i.ICM_IIC_Ack)
    ICM_IIC_Delay                            0x08001cd1   Thumb Code    10  icm_42688_p.o(i.ICM_IIC_Delay)
    ICM_IIC_NAck                             0x08001cdd   Thumb Code    62  icm_42688_p.o(i.ICM_IIC_NAck)
    ICM_IIC_READ_BYTE                        0x08001d29   Thumb Code    82  icm_42688_p.o(i.ICM_IIC_READ_BYTE)
    ICM_IIC_Read_Byte                        0x08001d85   Thumb Code    94  icm_42688_p.o(i.ICM_IIC_Read_Byte)
    ICM_IIC_Send_Byte                        0x08001df1   Thumb Code    80  icm_42688_p.o(i.ICM_IIC_Send_Byte)
    ICM_IIC_WRITE_BYTE                       0x08001e4d   Thumb Code    68  icm_42688_p.o(i.ICM_IIC_WRITE_BYTE)
    ICM_IIC_Wait_Ack                         0x08001e95   Thumb Code    86  icm_42688_p.o(i.ICM_IIC_Wait_Ack)
    ICM_INIT                                 0x08001ef9   Thumb Code   178  icm_42688_p.o(i.ICM_INIT)
    ICM_Port_Init                            0x08001fad   Thumb Code    46  icm_42688_p.o(i.ICM_Port_Init)
    IIC_Ack                                  0x08001fe1   Thumb Code    66  myiic.o(i.IIC_Ack)
    IIC_Init                                 0x08002031   Thumb Code    50  myiic.o(i.IIC_Init)
    IIC_NAck                                 0x08002071   Thumb Code    66  myiic.o(i.IIC_NAck)
    IIC_Read_Byte                            0x080020c1   Thumb Code    98  myiic.o(i.IIC_Read_Byte)
    IIC_Send_Byte                            0x08002131   Thumb Code    90  myiic.o(i.IIC_Send_Byte)
    IIC_Start                                0x08002199   Thumb Code    64  myiic.o(i.IIC_Start)
    IIC_Stop                                 0x080021e5   Thumb Code    62  myiic.o(i.IIC_Stop)
    IIC_Wait_Ack                             0x08002231   Thumb Code    86  myiic.o(i.IIC_Wait_Ack)
    MemManage_Handler                        0x08002295   Thumb Code     4  stm32f10x_it.o(i.MemManage_Handler)
    NMI_Handler                              0x08002299   Thumb Code     2  stm32f10x_it.o(i.NMI_Handler)
    NVIC_Init                                0x0800229d   Thumb Code   100  misc.o(i.NVIC_Init)
    NVIC_PriorityGroupConfig                 0x0800230d   Thumb Code    10  misc.o(i.NVIC_PriorityGroupConfig)
    PendSV_Handler                           0x08002321   Thumb Code     2  stm32f10x_it.o(i.PendSV_Handler)
    RCC_APB1PeriphClockCmd                   0x08002325   Thumb Code    26  stm32f10x_rcc.o(i.RCC_APB1PeriphClockCmd)
    RCC_APB1PeriphResetCmd                   0x08002345   Thumb Code    26  stm32f10x_rcc.o(i.RCC_APB1PeriphResetCmd)
    RCC_APB2PeriphClockCmd                   0x08002365   Thumb Code    26  stm32f10x_rcc.o(i.RCC_APB2PeriphClockCmd)
    RCC_APB2PeriphResetCmd                   0x08002385   Thumb Code    26  stm32f10x_rcc.o(i.RCC_APB2PeriphResetCmd)
    RCC_GetClocksFreq                        0x080023a5   Thumb Code   192  stm32f10x_rcc.o(i.RCC_GetClocksFreq)
    SDIO_ClearFlag                           0x08002479   Thumb Code     6  stm32f10x_sdio.o(i.SDIO_ClearFlag)
    SDIO_GetFlagStatus                       0x08002485   Thumb Code    20  stm32f10x_sdio.o(i.SDIO_GetFlagStatus)
    SDIO_IRQHandler                          0x0800249d   Thumb Code     8  sdio_sdcard.o(i.SDIO_IRQHandler)
    SDIO_SendCommand                         0x080024a5   Thumb Code    38  stm32f10x_sdio.o(i.SDIO_SendCommand)
    SD_ProcessIRQSrc                         0x080024d1   Thumb Code   296  sdio_sdcard.o(i.SD_ProcessIRQSrc)
    SELECT_Port_INIT                         0x0800260d   Thumb Code    88  uart_select.o(i.SELECT_Port_INIT)
    SVC_Handler                              0x0800266d   Thumb Code     2  stm32f10x_it.o(i.SVC_Handler)
    SysTick_CLKSourceConfig                  0x08002759   Thumb Code    40  misc.o(i.SysTick_CLKSourceConfig)
    SysTick_Handler                          0x08002781   Thumb Code     2  stm32f10x_it.o(i.SysTick_Handler)
    SystemInit                               0x08002785   Thumb Code    78  system_stm32f10x.o(i.SystemInit)
    USART1_IRQHandler                        0x080027e5   Thumb Code   138  usart.o(i.USART1_IRQHandler)
    USART3_IRQHandler                        0x08002881   Thumb Code    96  ch9141.o(i.USART3_IRQHandler)
    USART3_RX_Data                           0x080028ed   Thumb Code    48  ch9141.o(i.USART3_RX_Data)
    USART_Cmd                                0x08002925   Thumb Code    24  stm32f10x_usart.o(i.USART_Cmd)
    USART_DeInit                             0x0800293d   Thumb Code   134  stm32f10x_usart.o(i.USART_DeInit)
    USART_GetITStatus                        0x080029d9   Thumb Code    84  stm32f10x_usart.o(i.USART_GetITStatus)
    USART_ITConfig                           0x08002a2d   Thumb Code    74  stm32f10x_usart.o(i.USART_ITConfig)
    USART_Init                               0x08002a79   Thumb Code   210  stm32f10x_usart.o(i.USART_Init)
    USART_ReceiveData                        0x08002b51   Thumb Code    10  stm32f10x_usart.o(i.USART_ReceiveData)
    UsageFault_Handler                       0x08002b5b   Thumb Code     4  stm32f10x_it.o(i.UsageFault_Handler)
    __ARM_fpclassify                         0x08002b5f   Thumb Code    40  fpclassify.o(i.__ARM_fpclassify)
    __kernel_poly                            0x08002b87   Thumb Code   170  poly.o(i.__kernel_poly)
    __mathlib_dbl_divzero                    0x08002c31   Thumb Code    12  dunder.o(i.__mathlib_dbl_divzero)
    __mathlib_dbl_infnan2                    0x08002c41   Thumb Code     4  dunder.o(i.__mathlib_dbl_infnan2)
    __mathlib_dbl_invalid                    0x08002c45   Thumb Code    12  dunder.o(i.__mathlib_dbl_invalid)
    __mathlib_dbl_overflow                   0x08002c51   Thumb Code    14  dunder.o(i.__mathlib_dbl_overflow)
    __mathlib_dbl_underflow                  0x08002c61   Thumb Code    10  dunder.o(i.__mathlib_dbl_underflow)
    _is_digit                                0x08002c71   Thumb Code    14  __printf_wp.o(i._is_digit)
    _sys_exit                                0x08002c7f   Thumb Code     4  usart.o(i._sys_exit)
    bmp280GetData                            0x08002e7d   Thumb Code   112  bmp280.o(i.bmp280GetData)
    bmp280Init                               0x08002f51   Thumb Code    88  bmp280.o(i.bmp280Init)
    delay_init                               0x08003031   Thumb Code    50  delay.o(i.delay_init)
    delay_ms                                 0x08003075   Thumb Code    72  delay.o(i.delay_ms)
    delay_us                                 0x080030c1   Thumb Code    72  delay.o(i.delay_us)
    fputc                                    0x0800310d   Thumb Code    24  usart.o(i.fputc)
    iicDevRead                               0x08003129   Thumb Code    96  myiic.o(i.iicDevRead)
    iicDevReadByte                           0x08003189   Thumb Code    64  myiic.o(i.iicDevReadByte)
    iicDevWriteByte                          0x080031c9   Thumb Code    48  myiic.o(i.iicDevWriteByte)
    main                                     0x080031f9   Thumb Code   160  main.o(i.main)
    pow                                      0x080032ad   Thumb Code  2512  pow.o(i.pow)
    sqrt                                     0x08003d85   Thumb Code    76  sqrt.o(i.sqrt)
    uart_init                                0x08003dd1   Thumb Code   160  usart.o(i.uart_init)
    _get_lc_numeric                          0x08003e79   Thumb Code    44  lc_numeric_c.o(locale$$code)
    __aeabi_d2f                              0x08003ea5   Thumb Code     0  d2f.o(x$fpl$d2f)
    _d2f                                     0x08003ea5   Thumb Code    98  d2f.o(x$fpl$d2f)
    __aeabi_dadd                             0x08003f09   Thumb Code     0  daddsub_clz.o(x$fpl$dadd)
    _dadd                                    0x08003f09   Thumb Code   332  daddsub_clz.o(x$fpl$dadd)
    __fpl_dcheck_NaN1                        0x08004059   Thumb Code    10  dcheck1.o(x$fpl$dcheck1)
    __fpl_dcmp_Inf                           0x08004069   Thumb Code    24  dcmpi.o(x$fpl$dcmpinf)
    __aeabi_ddiv                             0x08004081   Thumb Code     0  ddiv.o(x$fpl$ddiv)
    _ddiv                                    0x08004081   Thumb Code   552  ddiv.o(x$fpl$ddiv)
    __aeabi_i2d                              0x08004331   Thumb Code     0  dflt_clz.o(x$fpl$dflt)
    _dflt                                    0x08004331   Thumb Code    46  dflt_clz.o(x$fpl$dflt)
    __aeabi_ui2d                             0x0800435f   Thumb Code     0  dflt_clz.o(x$fpl$dfltu)
    _dfltu                                   0x0800435f   Thumb Code    38  dflt_clz.o(x$fpl$dfltu)
    __aeabi_cdcmple                          0x08004385   Thumb Code     0  dleqf.o(x$fpl$dleqf)
    _dcmple                                  0x08004385   Thumb Code   120  dleqf.o(x$fpl$dleqf)
    __fpl_dcmple_InfNaN                      0x080043e7   Thumb Code     0  dleqf.o(x$fpl$dleqf)
    __aeabi_dmul                             0x080043fd   Thumb Code     0  dmul.o(x$fpl$dmul)
    _dmul                                    0x080043fd   Thumb Code   332  dmul.o(x$fpl$dmul)
    __fpl_dnaninf                            0x08004551   Thumb Code   156  dnaninf.o(x$fpl$dnaninf)
    __fpl_dretinf                            0x080045ed   Thumb Code    12  dretinf.o(x$fpl$dretinf)
    __aeabi_cdrcmple                         0x080045f9   Thumb Code     0  drleqf.o(x$fpl$drleqf)
    _drcmple                                 0x080045f9   Thumb Code   108  drleqf.o(x$fpl$drleqf)
    __aeabi_drsub                            0x08004665   Thumb Code     0  daddsub_clz.o(x$fpl$drsb)
    _drsb                                    0x08004665   Thumb Code    22  daddsub_clz.o(x$fpl$drsb)
    _dsqrt                                   0x0800467d   Thumb Code   456  dsqrt_noumaal.o(x$fpl$dsqrt)
    __aeabi_dsub                             0x08004849   Thumb Code     0  daddsub_clz.o(x$fpl$dsub)
    _dsub                                    0x08004849   Thumb Code   464  daddsub_clz.o(x$fpl$dsub)
    __aeabi_f2d                              0x08004a1d   Thumb Code     0  f2d.o(x$fpl$f2d)
    _f2d                                     0x08004a1d   Thumb Code    86  f2d.o(x$fpl$f2d)
    __aeabi_fadd                             0x08004a75   Thumb Code     0  faddsub_clz.o(x$fpl$fadd)
    _fadd                                    0x08004a75   Thumb Code   196  faddsub_clz.o(x$fpl$fadd)
    __fpl_fcmp_Inf                           0x08004b39   Thumb Code    24  fcmpi.o(x$fpl$fcmpinf)
    __aeabi_fdiv                             0x08004b51   Thumb Code     0  fdiv.o(x$fpl$fdiv)
    _fdiv                                    0x08004b51   Thumb Code   384  fdiv.o(x$fpl$fdiv)
    __aeabi_cfcmpeq                          0x08004cd5   Thumb Code     0  feqf.o(x$fpl$feqf)
    _fcmpeq                                  0x08004cd5   Thumb Code   104  feqf.o(x$fpl$feqf)
    __aeabi_cfcmple                          0x08004d3d   Thumb Code     0  fleqf.o(x$fpl$fleqf)
    _fcmple                                  0x08004d3d   Thumb Code   104  fleqf.o(x$fpl$fleqf)
    __fpl_fcmple_InfNaN                      0x08004d8f   Thumb Code     0  fleqf.o(x$fpl$fleqf)
    __fpl_fnaninf                            0x08004da5   Thumb Code   140  fnaninf.o(x$fpl$fnaninf)
    __fpl_fretinf                            0x08004e31   Thumb Code    10  fretinf.o(x$fpl$fretinf)
    __aeabi_cfrcmple                         0x08004e3b   Thumb Code     0  frleqf.o(x$fpl$frleqf)
    _frcmple                                 0x08004e3b   Thumb Code    98  frleqf.o(x$fpl$frleqf)
    __aeabi_fsub                             0x08004e9d   Thumb Code     0  faddsub_clz.o(x$fpl$fsub)
    _fsub                                    0x08004e9d   Thumb Code   234  faddsub_clz.o(x$fpl$fsub)
    _printf_fp_dec                           0x08004f87   Thumb Code     4  printf1.o(x$fpl$printf1)
    __fpl_return_NaN                         0x08004f8b   Thumb Code   100  retnan.o(x$fpl$retnan)
    __ARM_scalbn                             0x08004fef   Thumb Code    92  scalbn.o(x$fpl$scalbn)
    __fpl_cmpreturn                          0x0800504b   Thumb Code    48  trapv.o(x$fpl$trapveneer)
    __I$use$fp                               0x0800507a   Number         0  usenofp.o(x$fpl$usenofp)
    __mathlib_zero                           0x08005108   Data           8  qnan.o(.constdata)
    Region$$Table$$Base                      0x080051a4   Number         0  anon$$obj.o(Region$$Table)
    Region$$Table$$Limit                     0x080051c4   Number         0  anon$$obj.o(Region$$Table)
    SystemCoreClock                          0x20000000   Data           4  system_stm32f10x.o(.data)
    AHBPrescTable                            0x20000004   Data          16  system_stm32f10x.o(.data)
    ICM_42688_Addr_AD0_LOW_READ              0x20000028   Data           1  icm_42688_p.o(.data)
    ICM_42688_Addr_AD0_HIGH_READ             0x20000029   Data           1  icm_42688_p.o(.data)
    ICM_42688_Addr_AD0_LOW_WRITE             0x2000002a   Data           1  icm_42688_p.o(.data)
    ICM_42688_Addr_AD0_HIGH_WRITE            0x2000002b   Data           1  icm_42688_p.o(.data)
    Temp                                     0x20000030   Data           8  icm_42688_p.o(.data)
    USART3_RX_STA                            0x20000050   Data           2  ch9141.o(.data)
    TransferError                            0x2000005e   Data           1  sdio_sdcard.o(.data)
    TransferEnd                              0x2000005f   Data           1  sdio_sdcard.o(.data)
    tempbuff                                 0x20000060   Data           4  sdio_sdcard.o(.data)
    Res                                      0x20000068   Data           1  usart.o(.data)
    __stdout                                 0x2000006c   Data           4  usart.o(.data)
    USART_RX_STA                             0x20000070   Data           2  usart.o(.data)
    Gyro_Get                                 0x20000078   Data          24  icm_42688_p.o(.bss)
    Acc_Get                                  0x20000090   Data          24  icm_42688_p.o(.bss)
    bmp280                                   0x200000a8   Data          16  bmp280.o(.bss)
    bmp280Cal                                0x200000b8   Data          28  bmp280.o(.bss)
    USART3_RX_BUF                            0x200000e8   Data          60  ch9141.o(.bss)
    USART3_TX_BUF                            0x20000124   Data         600  ch9141.o(.bss)
    SDIO_InitStructure                       0x20000380   Data          24  sdio_sdcard.o(.bss)
    SDIO_CmdInitStructure                    0x20000398   Data          20  sdio_sdcard.o(.bss)
    SDIO_DataInitStructure                   0x200003ac   Data          24  sdio_sdcard.o(.bss)
    SDCardInfo                               0x200003e8   Data          88  sdio_sdcard.o(.bss)
    SDIO_DATA_BUFFER                         0x20000440   Data         512  sdio_sdcard.o(.bss)
    USART_RX_BUF                             0x20000640   Data         200  usart.o(.bss)
    __libspace_start                         0x20000708   Data          96  libspace.o(.bss)
    __temporary_stack_top$libspace           0x20000768   Data           0  libspace.o(.bss)



==============================================================================

Memory Map of the image

  Image Entry point : 0x08000131

  Load Region LR_IROM1 (Base: 0x08000000, Size: 0x00005254, Max: 0x00040000, ABSOLUTE)

    Execution Region ER_IROM1 (Exec base: 0x08000000, Load base: 0x08000000, Size: 0x000051e0, Max: 0x00040000, ABSOLUTE)

    Exec Addr    Load Addr    Size         Type   Attr      Idx    E Section Name        Object

    0x08000000   0x08000000   0x00000130   Data   RO          132    RESET               startup_stm32f10x_hd.o
    0x08000130   0x08000130   0x00000008   Code   RO         4113  * !!!main             c_w.l(__main.o)
    0x08000138   0x08000138   0x00000034   Code   RO         4447    !!!scatter          c_w.l(__scatter.o)
    0x0800016c   0x0800016c   0x0000001a   Code   RO         4449    !!handler_copy      c_w.l(__scatter_copy.o)
    0x08000186   0x08000186   0x00000002   PAD
    0x08000188   0x08000188   0x0000001c   Code   RO         4451    !!handler_zi        c_w.l(__scatter_zi.o)
    0x080001a4   0x080001a4   0x00000000   Code   RO         4108    .ARM.Collect$$_printf_percent$$00000000  c_w.l(_printf_percent.o)
    0x080001a4   0x080001a4   0x00000006   Code   RO         4107    .ARM.Collect$$_printf_percent$$00000003  c_w.l(_printf_f.o)
    0x080001aa   0x080001aa   0x00000004   Code   RO         4176    .ARM.Collect$$_printf_percent$$00000017  c_w.l(_printf_percent_end.o)
    0x080001ae   0x080001ae   0x00000002   Code   RO         4316    .ARM.Collect$$libinit$$00000000  c_w.l(libinit.o)
    0x080001b0   0x080001b0   0x00000000   Code   RO         4318    .ARM.Collect$$libinit$$00000002  c_w.l(libinit2.o)
    0x080001b0   0x080001b0   0x00000000   Code   RO         4320    .ARM.Collect$$libinit$$00000004  c_w.l(libinit2.o)
    0x080001b0   0x080001b0   0x00000000   Code   RO         4323    .ARM.Collect$$libinit$$0000000A  c_w.l(libinit2.o)
    0x080001b0   0x080001b0   0x00000000   Code   RO         4325    .ARM.Collect$$libinit$$0000000C  c_w.l(libinit2.o)
    0x080001b0   0x080001b0   0x00000000   Code   RO         4327    .ARM.Collect$$libinit$$0000000E  c_w.l(libinit2.o)
    0x080001b0   0x080001b0   0x00000006   Code   RO         4328    .ARM.Collect$$libinit$$0000000F  c_w.l(libinit2.o)
    0x080001b6   0x080001b6   0x00000000   Code   RO         4330    .ARM.Collect$$libinit$$00000011  c_w.l(libinit2.o)
    0x080001b6   0x080001b6   0x00000000   Code   RO         4332    .ARM.Collect$$libinit$$00000013  c_w.l(libinit2.o)
    0x080001b6   0x080001b6   0x00000000   Code   RO         4334    .ARM.Collect$$libinit$$00000015  c_w.l(libinit2.o)
    0x080001b6   0x080001b6   0x0000000a   Code   RO         4335    .ARM.Collect$$libinit$$00000016  c_w.l(libinit2.o)
    0x080001c0   0x080001c0   0x00000000   Code   RO         4336    .ARM.Collect$$libinit$$00000017  c_w.l(libinit2.o)
    0x080001c0   0x080001c0   0x00000000   Code   RO         4338    .ARM.Collect$$libinit$$00000019  c_w.l(libinit2.o)
    0x080001c0   0x080001c0   0x00000000   Code   RO         4340    .ARM.Collect$$libinit$$0000001B  c_w.l(libinit2.o)
    0x080001c0   0x080001c0   0x00000000   Code   RO         4342    .ARM.Collect$$libinit$$0000001D  c_w.l(libinit2.o)
    0x080001c0   0x080001c0   0x00000000   Code   RO         4344    .ARM.Collect$$libinit$$0000001F  c_w.l(libinit2.o)
    0x080001c0   0x080001c0   0x00000000   Code   RO         4346    .ARM.Collect$$libinit$$00000021  c_w.l(libinit2.o)
    0x080001c0   0x080001c0   0x00000000   Code   RO         4348    .ARM.Collect$$libinit$$00000023  c_w.l(libinit2.o)
    0x080001c0   0x080001c0   0x00000000   Code   RO         4350    .ARM.Collect$$libinit$$00000025  c_w.l(libinit2.o)
    0x080001c0   0x080001c0   0x00000000   Code   RO         4354    .ARM.Collect$$libinit$$0000002C  c_w.l(libinit2.o)
    0x080001c0   0x080001c0   0x00000000   Code   RO         4356    .ARM.Collect$$libinit$$0000002E  c_w.l(libinit2.o)
    0x080001c0   0x080001c0   0x00000000   Code   RO         4358    .ARM.Collect$$libinit$$00000030  c_w.l(libinit2.o)
    0x080001c0   0x080001c0   0x00000000   Code   RO         4360    .ARM.Collect$$libinit$$00000032  c_w.l(libinit2.o)
    0x080001c0   0x080001c0   0x00000002   Code   RO         4361    .ARM.Collect$$libinit$$00000033  c_w.l(libinit2.o)
    0x080001c2   0x080001c2   0x00000002   Code   RO         4407    .ARM.Collect$$libshutdown$$00000000  c_w.l(libshutdown.o)
    0x080001c4   0x080001c4   0x00000000   Code   RO         4416    .ARM.Collect$$libshutdown$$00000002  c_w.l(libshutdown2.o)
    0x080001c4   0x080001c4   0x00000000   Code   RO         4418    .ARM.Collect$$libshutdown$$00000004  c_w.l(libshutdown2.o)
    0x080001c4   0x080001c4   0x00000000   Code   RO         4421    .ARM.Collect$$libshutdown$$00000007  c_w.l(libshutdown2.o)
    0x080001c4   0x080001c4   0x00000000   Code   RO         4424    .ARM.Collect$$libshutdown$$0000000A  c_w.l(libshutdown2.o)
    0x080001c4   0x080001c4   0x00000000   Code   RO         4426    .ARM.Collect$$libshutdown$$0000000C  c_w.l(libshutdown2.o)
    0x080001c4   0x080001c4   0x00000000   Code   RO         4429    .ARM.Collect$$libshutdown$$0000000F  c_w.l(libshutdown2.o)
    0x080001c4   0x080001c4   0x00000002   Code   RO         4430    .ARM.Collect$$libshutdown$$00000010  c_w.l(libshutdown2.o)
    0x080001c6   0x080001c6   0x00000000   Code   RO         4167    .ARM.Collect$$rtentry$$00000000  c_w.l(__rtentry.o)
    0x080001c6   0x080001c6   0x00000000   Code   RO         4226    .ARM.Collect$$rtentry$$00000002  c_w.l(__rtentry2.o)
    0x080001c6   0x080001c6   0x00000006   Code   RO         4238    .ARM.Collect$$rtentry$$00000004  c_w.l(__rtentry4.o)
    0x080001cc   0x080001cc   0x00000000   Code   RO         4228    .ARM.Collect$$rtentry$$00000009  c_w.l(__rtentry2.o)
    0x080001cc   0x080001cc   0x00000004   Code   RO         4229    .ARM.Collect$$rtentry$$0000000A  c_w.l(__rtentry2.o)
    0x080001d0   0x080001d0   0x00000000   Code   RO         4231    .ARM.Collect$$rtentry$$0000000C  c_w.l(__rtentry2.o)
    0x080001d0   0x080001d0   0x00000008   Code   RO         4232    .ARM.Collect$$rtentry$$0000000D  c_w.l(__rtentry2.o)
    0x080001d8   0x080001d8   0x00000002   Code   RO         4364    .ARM.Collect$$rtexit$$00000000  c_w.l(rtexit.o)
    0x080001da   0x080001da   0x00000000   Code   RO         4377    .ARM.Collect$$rtexit$$00000002  c_w.l(rtexit2.o)
    0x080001da   0x080001da   0x00000004   Code   RO         4378    .ARM.Collect$$rtexit$$00000003  c_w.l(rtexit2.o)
    0x080001de   0x080001de   0x00000006   Code   RO         4379    .ARM.Collect$$rtexit$$00000004  c_w.l(rtexit2.o)
    0x080001e4   0x080001e4   0x00000040   Code   RO          133    .text               startup_stm32f10x_hd.o
    0x08000224   0x08000224   0x00000002   Code   RO         4077    .text               c_w.l(use_no_semi_2.o)
    0x08000226   0x08000226   0x00000048   Code   RO         4079    .text               c_w.l(llsdiv.o)
    0x0800026e   0x0800026e   0x00000002   PAD
    0x08000270   0x08000270   0x00000018   Code   RO         4083    .text               c_w.l(noretval__2printf.o)
    0x08000288   0x08000288   0x0000010e   Code   RO         4095    .text               c_w.l(__printf_wp.o)
    0x08000396   0x08000396   0x00000006   Code   RO         4111    .text               c_w.l(heapauxi.o)
    0x0800039c   0x0800039c   0x00000002   Code   RO         4165    .text               c_w.l(use_no_semi.o)
    0x0800039e   0x0800039e   0x000000ee   Code   RO         4168    .text               c_w.l(lludivv7m.o)
    0x0800048c   0x0800048c   0x00000016   Code   RO         4170    .text               c_w.l(_rserrno.o)
    0x080004a2   0x080004a2   0x0000041e   Code   RO         4172    .text               c_w.l(_printf_fp_dec.o)
    0x080008c0   0x080008c0   0x00000024   Code   RO         4174    .text               c_w.l(_printf_char_file.o)
    0x080008e4   0x080008e4   0x00000008   Code   RO         4247    .text               c_w.l(rt_locale_intlibspace.o)
    0x080008ec   0x080008ec   0x00000008   Code   RO         4252    .text               c_w.l(rt_errno_addr_intlibspace.o)
    0x080008f4   0x080008f4   0x0000008a   Code   RO         4254    .text               c_w.l(lludiv10.o)
    0x0800097e   0x0800097e   0x00000002   PAD
    0x08000980   0x08000980   0x00000030   Code   RO         4256    .text               c_w.l(_printf_char_common.o)
    0x080009b0   0x080009b0   0x00000080   Code   RO         4258    .text               c_w.l(_printf_fp_infnan.o)
    0x08000a30   0x08000a30   0x000000e4   Code   RO         4260    .text               c_w.l(bigflt0.o)
    0x08000b14   0x08000b14   0x00000008   Code   RO         4285    .text               c_w.l(ferror.o)
    0x08000b1c   0x08000b1c   0x00000008   Code   RO         4298    .text               c_w.l(libspace.o)
    0x08000b24   0x08000b24   0x0000004a   Code   RO         4301    .text               c_w.l(sys_stackheap_outer.o)
    0x08000b6e   0x08000b6e   0x00000012   Code   RO         4307    .text               c_w.l(exit.o)
    0x08000b80   0x08000b80   0x00000080   Code   RO         4309    .text               c_w.l(strcmpv7m.o)
    0x08000c00   0x08000c00   0x0000003e   Code   RO         4263    CL$$btod_d2e        c_w.l(btod.o)
    0x08000c3e   0x08000c3e   0x00000046   Code   RO         4265    CL$$btod_d2e_denorm_low  c_w.l(btod.o)
    0x08000c84   0x08000c84   0x00000060   Code   RO         4264    CL$$btod_d2e_norm_op1  c_w.l(btod.o)
    0x08000ce4   0x08000ce4   0x00000338   Code   RO         4273    CL$$btod_div_common  c_w.l(btod.o)
    0x0800101c   0x0800101c   0x000000dc   Code   RO         4270    CL$$btod_e2e        c_w.l(btod.o)
    0x080010f8   0x080010f8   0x0000002a   Code   RO         4267    CL$$btod_ediv       c_w.l(btod.o)
    0x08001122   0x08001122   0x0000002a   Code   RO         4266    CL$$btod_emul       c_w.l(btod.o)
    0x0800114c   0x0800114c   0x00000244   Code   RO         4272    CL$$btod_mult_common  c_w.l(btod.o)
    0x08001390   0x08001390   0x00000004   Code   RO         4012    i.BusFault_Handler  stm32f10x_it.o
    0x08001394   0x08001394   0x00000018   Code   RO         3494    i.CH9141_Init       ch9141.o
    0x080013ac   0x080013ac   0x00000078   Code   RO         3495    i.CH9141_Port_Init  ch9141.o
    0x08001424   0x08001424   0x000000b8   Code   RO         3496    i.CH9141_UART_Init  ch9141.o
    0x080014dc   0x080014dc   0x00000060   Code   RO         3555    i.CmdResp1Error     sdio_sdcard.o
    0x0800153c   0x0800153c   0x00000002   Code   RO         4013    i.DebugMon_Handler  stm32f10x_it.o
    0x0800153e   0x0800153e   0x00000002   PAD
    0x08001540   0x08001540   0x00000078   Code   RO         3873    i.EXIT_INT          interrupt.o
    0x080015b8   0x080015b8   0x0000008c   Code   RO         3874    i.EXTI0_IRQHandler  interrupt.o
    0x08001644   0x08001644   0x0000000c   Code   RO          985    i.EXTI_ClearITPendingBit  stm32f10x_exti.o
    0x08001650   0x08001650   0x00000028   Code   RO          989    i.EXTI_GetITStatus  stm32f10x_exti.o
    0x08001678   0x08001678   0x00000094   Code   RO          990    i.EXTI_Init         stm32f10x_exti.o
    0x0800170c   0x0800170c   0x00000040   Code   RO         1344    i.GPIO_EXTILineConfig  stm32f10x_gpio.o
    0x0800174c   0x0800174c   0x00000116   Code   RO         1347    i.GPIO_Init         stm32f10x_gpio.o
    0x08001862   0x08001862   0x00000012   Code   RO         1351    i.GPIO_ReadInputDataBit  stm32f10x_gpio.o
    0x08001874   0x08001874   0x00000004   Code   RO         1354    i.GPIO_ResetBits    stm32f10x_gpio.o
    0x08001878   0x08001878   0x00000004   Code   RO         1355    i.GPIO_SetBits      stm32f10x_gpio.o
    0x0800187c   0x0800187c   0x00000304   Code   RO         3307    i.GYRO_ACC_TEMP_GET  icm_42688_p.o
    0x08001b80   0x08001b80   0x00000004   Code   RO         4014    i.HardFault_Handler  stm32f10x_it.o
    0x08001b84   0x08001b84   0x00000048   Code   RO         3308    i.ICM_42688_START   icm_42688_p.o
    0x08001bcc   0x08001bcc   0x00000048   Code   RO         3309    i.ICM_42688_STOP    icm_42688_p.o
    0x08001c14   0x08001c14   0x0000002e   Code   RO         3310    i.ICM_ACC_INIT      icm_42688_p.o
    0x08001c42   0x08001c42   0x00000042   Code   RO         3311    i.ICM_Gyroscope_INIT  icm_42688_p.o
    0x08001c84   0x08001c84   0x0000004c   Code   RO         3312    i.ICM_IIC_Ack       icm_42688_p.o
    0x08001cd0   0x08001cd0   0x0000000a   Code   RO         3313    i.ICM_IIC_Delay     icm_42688_p.o
    0x08001cda   0x08001cda   0x00000002   PAD
    0x08001cdc   0x08001cdc   0x0000004c   Code   RO         3314    i.ICM_IIC_NAck      icm_42688_p.o
    0x08001d28   0x08001d28   0x0000005c   Code   RO         3315    i.ICM_IIC_READ_BYTE  icm_42688_p.o
    0x08001d84   0x08001d84   0x0000006c   Code   RO         3316    i.ICM_IIC_Read_Byte  icm_42688_p.o
    0x08001df0   0x08001df0   0x0000005c   Code   RO         3317    i.ICM_IIC_Send_Byte  icm_42688_p.o
    0x08001e4c   0x08001e4c   0x00000048   Code   RO         3318    i.ICM_IIC_WRITE_BYTE  icm_42688_p.o
    0x08001e94   0x08001e94   0x00000064   Code   RO         3319    i.ICM_IIC_Wait_Ack  icm_42688_p.o
    0x08001ef8   0x08001ef8   0x000000b2   Code   RO         3320    i.ICM_INIT          icm_42688_p.o
    0x08001faa   0x08001faa   0x00000002   PAD
    0x08001fac   0x08001fac   0x00000034   Code   RO         3321    i.ICM_Port_Init     icm_42688_p.o
    0x08001fe0   0x08001fe0   0x00000050   Code   RO         3904    i.IIC_Ack           myiic.o
    0x08002030   0x08002030   0x00000040   Code   RO         3905    i.IIC_Init          myiic.o
    0x08002070   0x08002070   0x00000050   Code   RO         3906    i.IIC_NAck          myiic.o
    0x080020c0   0x080020c0   0x00000070   Code   RO         3907    i.IIC_Read_Byte     myiic.o
    0x08002130   0x08002130   0x00000068   Code   RO         3908    i.IIC_Send_Byte     myiic.o
    0x08002198   0x08002198   0x0000004c   Code   RO         3909    i.IIC_Start         myiic.o
    0x080021e4   0x080021e4   0x0000004c   Code   RO         3910    i.IIC_Stop          myiic.o
    0x08002230   0x08002230   0x00000064   Code   RO         3911    i.IIC_Wait_Ack      myiic.o
    0x08002294   0x08002294   0x00000004   Code   RO         4015    i.MemManage_Handler  stm32f10x_it.o
    0x08002298   0x08002298   0x00000002   Code   RO         4016    i.NMI_Handler       stm32f10x_it.o
    0x0800229a   0x0800229a   0x00000002   PAD
    0x0800229c   0x0800229c   0x00000070   Code   RO          137    i.NVIC_Init         misc.o
    0x0800230c   0x0800230c   0x00000014   Code   RO          138    i.NVIC_PriorityGroupConfig  misc.o
    0x08002320   0x08002320   0x00000002   Code   RO         4017    i.PendSV_Handler    stm32f10x_it.o
    0x08002322   0x08002322   0x00000002   PAD
    0x08002324   0x08002324   0x00000020   Code   RO         1775    i.RCC_APB1PeriphClockCmd  stm32f10x_rcc.o
    0x08002344   0x08002344   0x00000020   Code   RO         1776    i.RCC_APB1PeriphResetCmd  stm32f10x_rcc.o
    0x08002364   0x08002364   0x00000020   Code   RO         1777    i.RCC_APB2PeriphClockCmd  stm32f10x_rcc.o
    0x08002384   0x08002384   0x00000020   Code   RO         1778    i.RCC_APB2PeriphResetCmd  stm32f10x_rcc.o
    0x080023a4   0x080023a4   0x000000d4   Code   RO         1785    i.RCC_GetClocksFreq  stm32f10x_rcc.o
    0x08002478   0x08002478   0x0000000c   Code   RO         2070    i.SDIO_ClearFlag    stm32f10x_sdio.o
    0x08002484   0x08002484   0x00000018   Code   RO         2082    i.SDIO_GetFlagStatus  stm32f10x_sdio.o
    0x0800249c   0x0800249c   0x00000008   Code   RO         3564    i.SDIO_IRQHandler   sdio_sdcard.o
    0x080024a4   0x080024a4   0x0000002c   Code   RO         2090    i.SDIO_SendCommand  stm32f10x_sdio.o
    0x080024d0   0x080024d0   0x0000013c   Code   RO         3573    i.SD_ProcessIRQSrc  sdio_sdcard.o
    0x0800260c   0x0800260c   0x00000060   Code   RO         3416    i.SELECT_Port_INIT  uart_select.o
    0x0800266c   0x0800266c   0x00000002   Code   RO         4018    i.SVC_Handler       stm32f10x_it.o
    0x0800266e   0x0800266e   0x00000008   Code   RO           17    i.SetSysClock       system_stm32f10x.o
    0x08002676   0x08002676   0x00000002   PAD
    0x08002678   0x08002678   0x000000e0   Code   RO           18    i.SetSysClockTo72   system_stm32f10x.o
    0x08002758   0x08002758   0x00000028   Code   RO          141    i.SysTick_CLKSourceConfig  misc.o
    0x08002780   0x08002780   0x00000002   Code   RO         4019    i.SysTick_Handler   stm32f10x_it.o
    0x08002782   0x08002782   0x00000002   PAD
    0x08002784   0x08002784   0x00000060   Code   RO           20    i.SystemInit        system_stm32f10x.o
    0x080027e4   0x080027e4   0x0000009c   Code   RO         3832    i.USART1_IRQHandler  usart.o
    0x08002880   0x08002880   0x0000006c   Code   RO         3497    i.USART3_IRQHandler  ch9141.o
    0x080028ec   0x080028ec   0x00000038   Code   RO         3498    i.USART3_RX_Data    ch9141.o
    0x08002924   0x08002924   0x00000018   Code   RO         2960    i.USART_Cmd         stm32f10x_usart.o
    0x0800293c   0x0800293c   0x0000009c   Code   RO         2962    i.USART_DeInit      stm32f10x_usart.o
    0x080029d8   0x080029d8   0x00000054   Code   RO         2964    i.USART_GetITStatus  stm32f10x_usart.o
    0x08002a2c   0x08002a2c   0x0000004a   Code   RO         2966    i.USART_ITConfig    stm32f10x_usart.o
    0x08002a76   0x08002a76   0x00000002   PAD
    0x08002a78   0x08002a78   0x000000d8   Code   RO         2967    i.USART_Init        stm32f10x_usart.o
    0x08002b50   0x08002b50   0x0000000a   Code   RO         2974    i.USART_ReceiveData  stm32f10x_usart.o
    0x08002b5a   0x08002b5a   0x00000004   Code   RO         4020    i.UsageFault_Handler  stm32f10x_it.o
    0x08002b5e   0x08002b5e   0x00000028   Code   RO         4212    i.__ARM_fpclassify  m_ws.l(fpclassify.o)
    0x08002b86   0x08002b86   0x000000aa   Code   RO         4214    i.__kernel_poly     m_ws.l(poly.o)
    0x08002c30   0x08002c30   0x00000010   Code   RO         4198    i.__mathlib_dbl_divzero  m_ws.l(dunder.o)
    0x08002c40   0x08002c40   0x00000004   Code   RO         4200    i.__mathlib_dbl_infnan2  m_ws.l(dunder.o)
    0x08002c44   0x08002c44   0x0000000c   Code   RO         4201    i.__mathlib_dbl_invalid  m_ws.l(dunder.o)
    0x08002c50   0x08002c50   0x0000000e   Code   RO         4202    i.__mathlib_dbl_overflow  m_ws.l(dunder.o)
    0x08002c5e   0x08002c5e   0x00000002   PAD
    0x08002c60   0x08002c60   0x00000010   Code   RO         4204    i.__mathlib_dbl_underflow  m_ws.l(dunder.o)
    0x08002c70   0x08002c70   0x0000000e   Code   RO         4097    i._is_digit         c_w.l(__printf_wp.o)
    0x08002c7e   0x08002c7e   0x00000004   Code   RO         3833    i._sys_exit         usart.o
    0x08002c82   0x08002c82   0x00000002   PAD
    0x08002c84   0x08002c84   0x000001b0   Code   RO         3434    i.bmp280CompensateP  bmp280.o
    0x08002e34   0x08002e34   0x00000048   Code   RO         3435    i.bmp280CompensateT  bmp280.o
    0x08002e7c   0x08002e7c   0x00000088   Code   RO         3436    i.bmp280GetData     bmp280.o
    0x08002f04   0x08002f04   0x0000004c   Code   RO         3437    i.bmp280GetPressure  bmp280.o
    0x08002f50   0x08002f50   0x00000064   Code   RO         3438    i.bmp280Init        bmp280.o
    0x08002fb4   0x08002fb4   0x0000007c   Code   RO         3439    i.bmp280PressureToAltitude  bmp280.o
    0x08003030   0x08003030   0x00000044   Code   RO         3754    i.delay_init        delay.o
    0x08003074   0x08003074   0x0000004c   Code   RO         3755    i.delay_ms          delay.o
    0x080030c0   0x080030c0   0x0000004c   Code   RO         3756    i.delay_us          delay.o
    0x0800310c   0x0800310c   0x0000001c   Code   RO         3834    i.fputc             usart.o
    0x08003128   0x08003128   0x00000060   Code   RO         3912    i.iicDevRead        myiic.o
    0x08003188   0x08003188   0x00000040   Code   RO         3913    i.iicDevReadByte    myiic.o
    0x080031c8   0x080031c8   0x00000030   Code   RO         3915    i.iicDevWriteByte   myiic.o
    0x080031f8   0x080031f8   0x000000b4   Code   RO         3985    i.main              main.o
    0x080032ac   0x080032ac   0x000009d8   Code   RO         4156    i.pow               m_ws.l(pow.o)
    0x08003c84   0x08003c84   0x00000100   Code   RO         3440    i.presssureFilter   bmp280.o
    0x08003d84   0x08003d84   0x0000004c   Code   RO         4218    i.sqrt              m_ws.l(sqrt.o)
    0x08003dd0   0x08003dd0   0x000000a8   Code   RO         3835    i.uart_init         usart.o
    0x08003e78   0x08003e78   0x0000002c   Code   RO         4290    locale$$code        c_w.l(lc_numeric_c.o)
    0x08003ea4   0x08003ea4   0x00000062   Code   RO         4115    x$fpl$d2f           fz_ws.l(d2f.o)
    0x08003f06   0x08003f06   0x00000002   PAD
    0x08003f08   0x08003f08   0x00000150   Code   RO         4117    x$fpl$dadd          fz_ws.l(daddsub_clz.o)
    0x08004058   0x08004058   0x00000010   Code   RO         4292    x$fpl$dcheck1       fz_ws.l(dcheck1.o)
    0x08004068   0x08004068   0x00000018   Code   RO         4179    x$fpl$dcmpinf       fz_ws.l(dcmpi.o)
    0x08004080   0x08004080   0x000002b0   Code   RO         4124    x$fpl$ddiv          fz_ws.l(ddiv.o)
    0x08004330   0x08004330   0x0000002e   Code   RO         4128    x$fpl$dflt          fz_ws.l(dflt_clz.o)
    0x0800435e   0x0800435e   0x00000026   Code   RO         4127    x$fpl$dfltu         fz_ws.l(dflt_clz.o)
    0x08004384   0x08004384   0x00000078   Code   RO         4133    x$fpl$dleqf         fz_ws.l(dleqf.o)
    0x080043fc   0x080043fc   0x00000154   Code   RO         4135    x$fpl$dmul          fz_ws.l(dmul.o)
    0x08004550   0x08004550   0x0000009c   Code   RO         4181    x$fpl$dnaninf       fz_ws.l(dnaninf.o)
    0x080045ec   0x080045ec   0x0000000c   Code   RO         4183    x$fpl$dretinf       fz_ws.l(dretinf.o)
    0x080045f8   0x080045f8   0x0000006c   Code   RO         4185    x$fpl$drleqf        fz_ws.l(drleqf.o)
    0x08004664   0x08004664   0x00000016   Code   RO         4118    x$fpl$drsb          fz_ws.l(daddsub_clz.o)
    0x0800467a   0x0800467a   0x00000002   PAD
    0x0800467c   0x0800467c   0x000001cc   Code   RO         4294    x$fpl$dsqrt         fz_ws.l(dsqrt_noumaal.o)
    0x08004848   0x08004848   0x000001d4   Code   RO         4119    x$fpl$dsub          fz_ws.l(daddsub_clz.o)
    0x08004a1c   0x08004a1c   0x00000056   Code   RO         4137    x$fpl$f2d           fz_ws.l(f2d.o)
    0x08004a72   0x08004a72   0x00000002   PAD
    0x08004a74   0x08004a74   0x000000c4   Code   RO         4139    x$fpl$fadd          fz_ws.l(faddsub_clz.o)
    0x08004b38   0x08004b38   0x00000018   Code   RO         4187    x$fpl$fcmpinf       fz_ws.l(fcmpi.o)
    0x08004b50   0x08004b50   0x00000184   Code   RO         4146    x$fpl$fdiv          fz_ws.l(fdiv.o)
    0x08004cd4   0x08004cd4   0x00000068   Code   RO         4149    x$fpl$feqf          fz_ws.l(feqf.o)
    0x08004d3c   0x08004d3c   0x00000068   Code   RO         4189    x$fpl$fleqf         fz_ws.l(fleqf.o)
    0x08004da4   0x08004da4   0x0000008c   Code   RO         4191    x$fpl$fnaninf       fz_ws.l(fnaninf.o)
    0x08004e30   0x08004e30   0x0000000a   Code   RO         4193    x$fpl$fretinf       fz_ws.l(fretinf.o)
    0x08004e3a   0x08004e3a   0x00000062   Code   RO         4151    x$fpl$frleqf        fz_ws.l(frleqf.o)
    0x08004e9c   0x08004e9c   0x000000ea   Code   RO         4141    x$fpl$fsub          fz_ws.l(faddsub_clz.o)
    0x08004f86   0x08004f86   0x00000004   Code   RO         4153    x$fpl$printf1       fz_ws.l(printf1.o)
    0x08004f8a   0x08004f8a   0x00000064   Code   RO         4362    x$fpl$retnan        fz_ws.l(retnan.o)
    0x08004fee   0x08004fee   0x0000005c   Code   RO         4195    x$fpl$scalbn        fz_ws.l(scalbn.o)
    0x0800504a   0x0800504a   0x00000030   Code   RO         4374    x$fpl$trapveneer    fz_ws.l(trapv.o)
    0x0800507a   0x0800507a   0x00000000   Code   RO         4197    x$fpl$usenofp       fz_ws.l(usenofp.o)
    0x0800507a   0x0800507a   0x00000006   PAD
    0x08005080   0x08005080   0x00000088   Data   RO         4157    .constdata          m_ws.l(pow.o)
    0x08005108   0x08005108   0x00000008   Data   RO         4216    .constdata          m_ws.l(qnan.o)
    0x08005110   0x08005110   0x00000094   Data   RO         4261    .constdata          c_w.l(bigflt0.o)
    0x080051a4   0x080051a4   0x00000020   Data   RO         4445    Region$$Table       anon$$obj.o
    0x080051c4   0x080051c4   0x0000001c   Data   RO         4289    locale$$data        c_w.l(lc_numeric_c.o)


    Execution Region RW_IRAM1 (Exec base: 0x20000000, Load base: 0x080051e0, Size: 0x00000d68, Max: 0x0000c000, ABSOLUTE)

    Exec Addr    Load Addr    Size         Type   Attr      Idx    E Section Name        Object

    0x20000000   0x080051e0   0x00000014   Data   RW           21    .data               system_stm32f10x.o
    0x20000014   0x080051f4   0x00000014   Data   RW         1805    .data               stm32f10x_rcc.o
    0x20000028   0x08005208   0x00000010   Data   RW         3323    .data               icm_42688_p.o
    0x20000038   0x08005218   0x00000018   Data   RW         3442    .data               bmp280.o
    0x20000050   0x08005230   0x00000002   Data   RW         3500    .data               ch9141.o
    0x20000052   0x08005232   0x00000002   PAD
    0x20000054   0x08005234   0x00000010   Data   RW         3585    .data               sdio_sdcard.o
    0x20000064   0x08005244   0x00000004   Data   RW         3757    .data               delay.o
    0x20000068   0x08005248   0x0000000a   Data   RW         3837    .data               usart.o
    0x20000072   0x08005252   0x00000006   PAD
    0x20000078        -       0x00000030   Zero   RW         3322    .bss                icm_42688_p.o
    0x200000a8        -       0x00000040   Zero   RW         3441    .bss                bmp280.o
    0x200000e8        -       0x00000294   Zero   RW         3499    .bss                ch9141.o
    0x2000037c   0x08005252   0x00000004   PAD
    0x20000380        -       0x000002c0   Zero   RW         3584    .bss                sdio_sdcard.o
    0x20000640        -       0x000000c8   Zero   RW         3836    .bss                usart.o
    0x20000708        -       0x00000060   Zero   RW         4299    .bss                c_w.l(libspace.o)
    0x20000768        -       0x00000200   Zero   RW          131    HEAP                startup_stm32f10x_hd.o
    0x20000968        -       0x00000400   Zero   RW          130    STACK               startup_stm32f10x_hd.o


==============================================================================

Image component sizes


      Code (inc. data)   RO Data    RW Data    ZI Data      Debug   Object Name

      1196         96          0         24         64       6624   bmp280.o
       492         62          0          2        660       3505   ch9141.o
         0          0          0          0          0       4548   core_cm3.o
       220         26          0          4          0       1555   delay.o
      1884        164          0         16         48      12267   icm_42688_p.o
       260         50          0          0          0       1058   interrupt.o
       180         20          0          0          0        539   main.o
       172         22          0          0          0     208597   misc.o
       900        110          0          0          0       6022   myiic.o
       420         26          0         16        704      11226   sdio_sdcard.o
        64         26        304          0       1536        772   startup_stm32f10x_hd.o
         0          0          0          0          0       1632   stm32f10x_adc.o
       200         18          0          0          0       3952   stm32f10x_exti.o
       368          4          0          0          0      12182   stm32f10x_gpio.o
        26          0          0          0          0       3566   stm32f10x_it.o
       340         44          0         20          0      13824   stm32f10x_rcc.o
        80         16          0          0          0      12349   stm32f10x_sdio.o
       564         28          0          0          0      11137   stm32f10x_usart.o
       328         28          0         20          0      34189   system_stm32f10x.o
        96          8          0          0          0        535   uart_select.o
       356         30          0         10        200       3860   usart.o

    ----------------------------------------------------------------------
      8164        778        336        116       3220     353939   Object Totals
         0          0         32          0          0          0   (incl. Generated)
        18          0          0          4          8          0   (incl. Padding)

    ----------------------------------------------------------------------

      Code (inc. data)   RO Data    RW Data    ZI Data      Debug   Library Member Name

         8          0          0          0          0         68   __main.o
       284          0          0          0          0        156   __printf_wp.o
         0          0          0          0          0          0   __rtentry.o
        12          0          0          0          0          0   __rtentry2.o
         6          0          0          0          0          0   __rtentry4.o
        52          8          0          0          0          0   __scatter.o
        26          0          0          0          0          0   __scatter_copy.o
        28          0          0          0          0          0   __scatter_zi.o
        48          6          0          0          0         96   _printf_char_common.o
        36          4          0          0          0         80   _printf_char_file.o
         6          0          0          0          0          0   _printf_f.o
      1054          0          0          0          0        216   _printf_fp_dec.o
       128         16          0          0          0         84   _printf_fp_infnan.o
         0          0          0          0          0          0   _printf_percent.o
         4          0          0          0          0          0   _printf_percent_end.o
        22          0          0          0          0        100   _rserrno.o
       228          4        148          0          0         96   bigflt0.o
      1936        128          0          0          0        672   btod.o
        18          0          0          0          0         80   exit.o
         8          0          0          0          0         68   ferror.o
         6          0          0          0          0        152   heapauxi.o
        44         10         28          0          0         76   lc_numeric_c.o
         2          0          0          0          0          0   libinit.o
        18          0          0          0          0          0   libinit2.o
         2          0          0          0          0          0   libshutdown.o
         2          0          0          0          0          0   libshutdown2.o
         8          4          0          0         96         68   libspace.o
        72          0          0          0          0         76   llsdiv.o
       138          0          0          0          0         80   lludiv10.o
       238          0          0          0          0        100   lludivv7m.o
        24          4          0          0          0         84   noretval__2printf.o
         8          4          0          0          0         68   rt_errno_addr_intlibspace.o
         8          4          0          0          0         68   rt_locale_intlibspace.o
         2          0          0          0          0          0   rtexit.o
        10          0          0          0          0          0   rtexit2.o
       128          0          0          0          0         68   strcmpv7m.o
        74          0          0          0          0         80   sys_stackheap_outer.o
         2          0          0          0          0         68   use_no_semi.o
         2          0          0          0          0         68   use_no_semi_2.o
        98          4          0          0          0         92   d2f.o
       826         16          0          0          0        348   daddsub_clz.o
        16          4          0          0          0         68   dcheck1.o
        24          0          0          0          0         68   dcmpi.o
       688        140          0          0          0        208   ddiv.o
        84          0          0          0          0        136   dflt_clz.o
       120          4          0          0          0         92   dleqf.o
       340         12          0          0          0        104   dmul.o
       156          4          0          0          0         92   dnaninf.o
        12          0          0          0          0         68   dretinf.o
       108          0          0          0          0         80   drleqf.o
       460         56          0          0          0        120   dsqrt_noumaal.o
        86          4          0          0          0         84   f2d.o
       430          8          0          0          0        168   faddsub_clz.o
        24          0          0          0          0         68   fcmpi.o
       388         76          0          0          0         96   fdiv.o
       104          4          0          0          0         84   feqf.o
       104          4          0          0          0         84   fleqf.o
       140          4          0          0          0         84   fnaninf.o
        10          0          0          0          0         68   fretinf.o
        98          0          0          0          0         68   frleqf.o
         4          0          0          0          0         68   printf1.o
       100          0          0          0          0         68   retnan.o
        92          0          0          0          0         68   scalbn.o
        48          0          0          0          0         68   trapv.o
         0          0          0          0          0          0   usenofp.o
        62         10          0          0          0        340   dunder.o
        40          0          0          0          0         68   fpclassify.o
       170          0          0          0          0         96   poly.o
      2520        190        136          0          0        324   pow.o
         0          0          8          0          0          0   qnan.o
        76          0          0          0          0         84   sqrt.o

    ----------------------------------------------------------------------
     12140        732        320          0         96       6236   Library Totals
        20          0          0          0          0          0   (incl. Padding)

    ----------------------------------------------------------------------

      Code (inc. data)   RO Data    RW Data    ZI Data      Debug   Library Name

      4692        192        176          0         96       2772   c_w.l
      4560        340          0          0          0       2552   fz_ws.l
      2868        200        144          0          0        912   m_ws.l

    ----------------------------------------------------------------------
     12140        732        320          0         96       6236   Library Totals

    ----------------------------------------------------------------------

==============================================================================


      Code (inc. data)   RO Data    RW Data    ZI Data      Debug   

     20304       1510        656        116       3316     352319   Grand Totals
     20304       1510        656        116       3316     352319   ELF Image Totals
     20304       1510        656        116          0          0   ROM Totals

==============================================================================

    Total RO  Size (Code + RO Data)                20960 (  20.47kB)
    Total RW  Size (RW Data + ZI Data)              3432 (   3.35kB)
    Total ROM Size (Code + RO Data + RW Data)      21076 (  20.58kB)

==============================================================================

